Archive member included to satisfy reference by file (symbol)

/usr/lib/gcc/arm-none-eabi/14.1.0/thumb/v7e-m/nofp/libgcc.a(_arm_mulsf3.o)
                              CMakeFiles/YTAR.elf.dir/Core/Src/system_stm32h7xx.c.obj (__aeabi_fmul)
/usr/lib/gcc/arm-none-eabi/14.1.0/thumb/v7e-m/nofp/libgcc.a(_arm_addsubsf3.o)
                              CMakeFiles/YTAR.elf.dir/Core/Src/system_stm32h7xx.c.obj (__aeabi_fadd)
/usr/lib/gcc/arm-none-eabi/14.1.0/thumb/v7e-m/nofp/libgcc.a(_arm_muldivsf3.o)
                              CMakeFiles/YTAR.elf.dir/Core/Src/system_stm32h7xx.c.obj (__aeabi_fdiv)
/usr/lib/gcc/arm-none-eabi/14.1.0/thumb/v7e-m/nofp/libgcc.a(_arm_fixunssfsi.o)
                              CMakeFiles/YTAR.elf.dir/Core/Src/system_stm32h7xx.c.obj (__aeabi_f2uiz)
/usr/lib/gcc/arm-none-eabi/14.1.0/../../../../arm-none-eabi/lib/thumb/v7e-m/nofp/libg.a(libc_a-atexit.o)
                              /usr/lib/gcc/arm-none-eabi/14.1.0/../../../../arm-none-eabi/lib/thumb/v7e-m/nofp/crt0.o (atexit)
/usr/lib/gcc/arm-none-eabi/14.1.0/../../../../arm-none-eabi/lib/thumb/v7e-m/nofp/libg.a(libc_a-exit.o)
                              /usr/lib/gcc/arm-none-eabi/14.1.0/../../../../arm-none-eabi/lib/thumb/v7e-m/nofp/crt0.o (exit)
/usr/lib/gcc/arm-none-eabi/14.1.0/../../../../arm-none-eabi/lib/thumb/v7e-m/nofp/libg.a(libc_a-findfp.o)
                              /usr/lib/gcc/arm-none-eabi/14.1.0/../../../../arm-none-eabi/lib/thumb/v7e-m/nofp/libg.a(libc_a-exit.o) (__stdio_exit_handler)
/usr/lib/gcc/arm-none-eabi/14.1.0/../../../../arm-none-eabi/lib/thumb/v7e-m/nofp/libg.a(libc_a-fwalk.o)
                              /usr/lib/gcc/arm-none-eabi/14.1.0/../../../../arm-none-eabi/lib/thumb/v7e-m/nofp/libg.a(libc_a-findfp.o) (_fwalk_sglue)
/usr/lib/gcc/arm-none-eabi/14.1.0/../../../../arm-none-eabi/lib/thumb/v7e-m/nofp/libg.a(libc_a-stdio.o)
                              /usr/lib/gcc/arm-none-eabi/14.1.0/../../../../arm-none-eabi/lib/thumb/v7e-m/nofp/libg.a(libc_a-findfp.o) (__sread)
/usr/lib/gcc/arm-none-eabi/14.1.0/../../../../arm-none-eabi/lib/thumb/v7e-m/nofp/libg.a(libc_a-memset.o)
                              /usr/lib/gcc/arm-none-eabi/14.1.0/../../../../arm-none-eabi/lib/thumb/v7e-m/nofp/crt0.o (memset)
/usr/lib/gcc/arm-none-eabi/14.1.0/../../../../arm-none-eabi/lib/thumb/v7e-m/nofp/libg.a(libc_a-closer.o)
                              /usr/lib/gcc/arm-none-eabi/14.1.0/../../../../arm-none-eabi/lib/thumb/v7e-m/nofp/libg.a(libc_a-stdio.o) (_close_r)
/usr/lib/gcc/arm-none-eabi/14.1.0/../../../../arm-none-eabi/lib/thumb/v7e-m/nofp/libg.a(libc_a-reent.o)
                              /usr/lib/gcc/arm-none-eabi/14.1.0/../../../../arm-none-eabi/lib/thumb/v7e-m/nofp/libg.a(libc_a-closer.o) (errno)
/usr/lib/gcc/arm-none-eabi/14.1.0/../../../../arm-none-eabi/lib/thumb/v7e-m/nofp/libg.a(libc_a-impure.o)
                              /usr/lib/gcc/arm-none-eabi/14.1.0/../../../../arm-none-eabi/lib/thumb/v7e-m/nofp/libg.a(libc_a-reent.o) (_impure_ptr)
/usr/lib/gcc/arm-none-eabi/14.1.0/../../../../arm-none-eabi/lib/thumb/v7e-m/nofp/libg.a(libc_a-lseekr.o)
                              /usr/lib/gcc/arm-none-eabi/14.1.0/../../../../arm-none-eabi/lib/thumb/v7e-m/nofp/libg.a(libc_a-stdio.o) (_lseek_r)
/usr/lib/gcc/arm-none-eabi/14.1.0/../../../../arm-none-eabi/lib/thumb/v7e-m/nofp/libg.a(libc_a-readr.o)
                              /usr/lib/gcc/arm-none-eabi/14.1.0/../../../../arm-none-eabi/lib/thumb/v7e-m/nofp/libg.a(libc_a-stdio.o) (_read_r)
/usr/lib/gcc/arm-none-eabi/14.1.0/../../../../arm-none-eabi/lib/thumb/v7e-m/nofp/libg.a(libc_a-writer.o)
                              /usr/lib/gcc/arm-none-eabi/14.1.0/../../../../arm-none-eabi/lib/thumb/v7e-m/nofp/libg.a(libc_a-stdio.o) (_write_r)
/usr/lib/gcc/arm-none-eabi/14.1.0/../../../../arm-none-eabi/lib/thumb/v7e-m/nofp/libg.a(libc_a-errno.o)
                              CMakeFiles/YTAR.elf.dir/Core/Src/syscalls.c.obj (__errno)
/usr/lib/gcc/arm-none-eabi/14.1.0/../../../../arm-none-eabi/lib/thumb/v7e-m/nofp/libg.a(libc_a-init.o)
                              /usr/lib/gcc/arm-none-eabi/14.1.0/../../../../arm-none-eabi/lib/thumb/v7e-m/nofp/crt0.o (__libc_init_array)
/usr/lib/gcc/arm-none-eabi/14.1.0/../../../../arm-none-eabi/lib/thumb/v7e-m/nofp/libg.a(libc_a-fini.o)
                              /usr/lib/gcc/arm-none-eabi/14.1.0/../../../../arm-none-eabi/lib/thumb/v7e-m/nofp/crt0.o (__libc_fini_array)
/usr/lib/gcc/arm-none-eabi/14.1.0/../../../../arm-none-eabi/lib/thumb/v7e-m/nofp/libg.a(libc_a-lock.o)
                              /usr/lib/gcc/arm-none-eabi/14.1.0/../../../../arm-none-eabi/lib/thumb/v7e-m/nofp/libg.a(libc_a-findfp.o) (__retarget_lock_init_recursive)
/usr/lib/gcc/arm-none-eabi/14.1.0/../../../../arm-none-eabi/lib/thumb/v7e-m/nofp/libg.a(libc_a-memcpy.o)
                              CMakeFiles/YTAR.elf.dir/Drivers/STM32H7xx_HAL_Driver/Src/stm32h7xx_hal_fdcan.c.obj (memcpy)
[...]
Memory Configuration

Name             Origin             Length             Attributes
FLASH            0x08000000         0x00020000         xr
DTCMRAM          0x20000000         0x00020000         xrw
RAM_D1           0x24000000         0x00080000         xrw
RAM_D2           0x30000000         0x00048000         xrw
RAM_D3           0x38000000         0x00010000         xrw
ITCMRAM          0x00000000         0x00010000         xrw
*default*        0x00000000         0xffffffff

Linker script and memory map

LOAD /usr/lib/gcc/arm-none-eabi/14.1.0/thumb/v7e-m/nofp/crti.o
LOAD /usr/lib/gcc/arm-none-eabi/14.1.0/thumb/v7e-m/nofp/crtbegin.o
LOAD /usr/lib/gcc/arm-none-eabi/14.1.0/../../../../arm-none-eabi/lib/thumb/v7e-m/nofp/crt0.o
LOAD CMakeFiles/YTAR.elf.dir/Core/Src/main.c.obj
LOAD CMakeFiles/YTAR.elf.dir/Core/Src/stm32h7xx_hal_msp.c.obj
LOAD CMakeFiles/YTAR.elf.dir/Core/Src/stm32h7xx_it.c.obj
LOAD CMakeFiles/YTAR.elf.dir/Core/Src/syscalls.c.obj
LOAD CMakeFiles/YTAR.elf.dir/Core/Src/sysmem.c.obj
LOAD CMakeFiles/YTAR.elf.dir/Core/Src/system_stm32h7xx.c.obj
LOAD CMakeFiles/YTAR.elf.dir/Core/Startup/startup_stm32h750xbhx.s.obj
LOAD CMakeFiles/YTAR.elf.dir/Drivers/STM32H7xx_HAL_Driver/Src/stm32h7xx_hal.c.obj
LOAD CMakeFiles/YTAR.elf.dir/Drivers/STM32H7xx_HAL_Driver/Src/stm32h7xx_hal_cortex.c.obj
LOAD CMakeFiles/YTAR.elf.dir/Drivers/STM32H7xx_HAL_Driver/Src/stm32h7xx_hal_dma.c.obj
LOAD CMakeFiles/YTAR.elf.dir/Drivers/STM32H7xx_HAL_Driver/Src/stm32h7xx_hal_dma_ex.c.obj
LOAD CMakeFiles/YTAR.elf.dir/Drivers/STM32H7xx_HAL_Driver/Src/stm32h7xx_hal_exti.c.obj
LOAD CMakeFiles/YTAR.elf.dir/Drivers/STM32H7xx_HAL_Driver/Src/stm32h7xx_hal_fdcan.c.obj
LOAD CMakeFiles/YTAR.elf.dir/Drivers/STM32H7xx_HAL_Driver/Src/stm32h7xx_hal_flash.c.obj
LOAD CMakeFiles/YTAR.elf.dir/Drivers/STM32H7xx_HAL_Driver/Src/stm32h7xx_hal_flash_ex.c.obj
LOAD CMakeFiles/YTAR.elf.dir/Drivers/STM32H7xx_HAL_Driver/Src/stm32h7xx_hal_gpio.c.obj
LOAD CMakeFiles/YTAR.elf.dir/Drivers/STM32H7xx_HAL_Driver/Src/stm32h7xx_hal_hsem.c.obj
LOAD CMakeFiles/YTAR.elf.dir/Drivers/STM32H7xx_HAL_Driver/Src/stm32h7xx_hal_i2c.c.obj
LOAD CMakeFiles/YTAR.elf.dir/Drivers/STM32H7xx_HAL_Driver/Src/stm32h7xx_hal_i2c_ex.c.obj
LOAD CMakeFiles/YTAR.elf.dir/Drivers/STM32H7xx_HAL_Driver/Src/stm32h7xx_hal_ltdc.c.obj
LOAD CMakeFiles/YTAR.elf.dir/Drivers/STM32H7xx_HAL_Driver/Src/stm32h7xx_hal_ltdc_ex.c.obj
LOAD CMakeFiles/YTAR.elf.dir/Drivers/STM32H7xx_HAL_Driver/Src/stm32h7xx_hal_mdma.c.obj
LOAD CMakeFiles/YTAR.elf.dir/Drivers/STM32H7xx_HAL_Driver/Src/stm32h7xx_hal_pwr.c.obj
LOAD CMakeFiles/YTAR.elf.dir/Drivers/STM32H7xx_HAL_Driver/Src/stm32h7xx_hal_pwr_ex.c.obj
LOAD CMakeFiles/YTAR.elf.dir/Drivers/STM32H7xx_HAL_Driver/Src/stm32h7xx_hal_rcc.c.obj
LOAD CMakeFiles/YTAR.elf.dir/Drivers/STM32H7xx_HAL_Driver/Src/stm32h7xx_hal_rcc_ex.c.obj
LOAD CMakeFiles/YTAR.elf.dir/Drivers/STM32H7xx_HAL_Driver/Src/stm32h7xx_hal_sd.c.obj
LOAD CMakeFiles/YTAR.elf.dir/Drivers/STM32H7xx_HAL_Driver/Src/stm32h7xx_hal_sd_ex.c.obj
LOAD CMakeFiles/YTAR.elf.dir/Drivers/STM32H7xx_HAL_Driver/Src/stm32h7xx_hal_sdram.c.obj
LOAD CMakeFiles/YTAR.elf.dir/Drivers/STM32H7xx_HAL_Driver/Src/stm32h7xx_hal_tim.c.obj
LOAD CMakeFiles/YTAR.elf.dir/Drivers/STM32H7xx_HAL_Driver/Src/stm32h7xx_hal_tim_ex.c.obj
LOAD CMakeFiles/YTAR.elf.dir/Drivers/STM32H7xx_HAL_Driver/Src/stm32h7xx_ll_delayblock.c.obj
LOAD CMakeFiles/YTAR.elf.dir/Drivers/STM32H7xx_HAL_Driver/Src/stm32h7xx_ll_fmc.c.obj
LOAD CMakeFiles/YTAR.elf.dir/Drivers/STM32H7xx_HAL_Driver/Src/stm32h7xx_ll_sdmmc.c.obj
START GROUP
LOAD /usr/lib/gcc/arm-none-eabi/14.1.0/thumb/v7e-m/nofp/libgcc.a
LOAD /usr/lib/gcc/arm-none-eabi/14.1.0/../../../../arm-none-eabi/lib/thumb/v7e-m/nofp/libg.a
LOAD /usr/lib/gcc/arm-none-eabi/14.1.0/../../../../arm-none-eabi/lib/thumb/v7e-m/nofp/libc.a
END GROUP
LOAD /usr/lib/gcc/arm-none-eabi/14.1.0/thumb/v7e-m/nofp/crtend.o
LOAD /usr/lib/gcc/arm-none-eabi/14.1.0/thumb/v7e-m/nofp/crtn.o
                0x24080000                        _estack = (ORIGIN (RAM_D1) + LENGTH (RAM_D1))
                0x00000200                        _Min_Heap_Size = 0x200
                0x00000400                        _Min_Stack_Size = 0x400

.isr_vector     0x08000000      0x298
                0x08000000                        . = ALIGN (0x4)
 *(.isr_vector)
 .isr_vector    0x08000000      0x298 CMakeFiles/YTAR.elf.dir/Core/Startup/startup_stm32h750xbhx.s.obj
                0x08000000                g_pfnVectors
                0x08000298                        . = ALIGN (0x4)

.text           0x08000298     0x4ae8
                0x08000298                        . = ALIGN (0x4)
 *(.text)
 .text          0x08000298      0x21c /usr/lib/gcc/arm-none-eabi/14.1.0/thumb/v7e-m/nofp/libgcc.a(_arm_addsubsf3.o)
                0x08000298                __aeabi_frsub
                0x080002a0                __subsf3
                0x080002a0                __aeabi_fsub
                0x080002a4                __aeabi_fadd
                0x080002a4                __addsf3
                0x08000404                __aeabi_ui2f
                0x08000404                __floatunsisf
                0x0800040c                __aeabi_i2f
                0x0800040c                __floatsisf
                0x08000428                __floatundisf
                0x08000428                __aeabi_ul2f
                0x08000438                __floatdisf
                0x08000438                __aeabi_l2f
 .text          0x080004b4      0x2a0 /usr/lib/gcc/arm-none-eabi/14.1.0/thumb/v7e-m/nofp/libgcc.a(_arm_muldivsf3.o)
                0x080004b4                __mulsf3
                0x080004b4                __aeabi_fmul
                0x0800061c                __divsf3
                0x0800061c                __aeabi_fdiv
 .text          0x08000754       0x40 /usr/lib/gcc/arm-none-eabi/14.1.0/thumb/v7e-m/nofp/libgcc.a(_arm_fixunssfsi.o)
                0x08000754                __aeabi_f2uiz
                0x08000754                __fixunssfsi
 .text          0x08000794      0x134 /usr/lib/gcc/arm-none-eabi/14.1.0/../../../../arm-none-eabi/lib/thumb/v7e-m/nofp/libg.a(libc_a-memcpy.o)
                0x08000794                memcpy
 *(.text*)
 .text.__do_global_dtors_aux
                0x080008c8       0x24 /usr/lib/gcc/arm-none-eabi/14.1.0/thumb/v7e-m/nofp/crtbegin.o
 .text.frame_dummy
                0x080008ec       0x1c /usr/lib/gcc/arm-none-eabi/14.1.0/thumb/v7e-m/nofp/crtbegin.o
 .text.MX_GPIO_Init
                0x08000908      0x26c CMakeFiles/YTAR.elf.dir/Core/Src/main.c.obj
 .text.MX_DMA_Init
                0x08000b74       0x38 CMakeFiles/YTAR.elf.dir/Core/Src/main.c.obj
 .text.Error_Handler
                0x08000bac        0x4 CMakeFiles/YTAR.elf.dir/Core/Src/main.c.obj
                0x08000bac                Error_Handler
 .text.MX_FDCAN1_Init
                0x08000bb0       0x5c CMakeFiles/YTAR.elf.dir/Core/Src/main.c.obj
 .text.MX_FMC_Init
                0x08000c0c       0x5c CMakeFiles/YTAR.elf.dir/Core/Src/main.c.obj
 .text.MX_LTDC_Init
                0x08000c68       0xf0 CMakeFiles/YTAR.elf.dir/Core/Src/main.c.obj
 .text.MX_TIM2_Init
                0x08000d58       0x6c CMakeFiles/YTAR.elf.dir/Core/Src/main.c.obj
 .text.SystemClock_Config
                0x08000dc4       0xc0 CMakeFiles/YTAR.elf.dir/Core/Src/main.c.obj
                0x08000dc4                SystemClock_Config
 .text.main     0x08000e84       0x60 CMakeFiles/YTAR.elf.dir/Core/Src/main.c.obj
                0x08000e84                main
 .text.HAL_FMC_MspInit
                0x08000ee4      0x104 CMakeFiles/YTAR.elf.dir/Core/Src/stm32h7xx_hal_msp.c.obj
 .text.HAL_MspInit
                0x08000fe8       0x24 CMakeFiles/YTAR.elf.dir/Core/Src/stm32h7xx_hal_msp.c.obj
                0x08000fe8                HAL_MspInit
 .text.HAL_FDCAN_MspInit
                0x0800100c       0xa0 CMakeFiles/YTAR.elf.dir/Core/Src/stm32h7xx_hal_msp.c.obj
                0x0800100c                HAL_FDCAN_MspInit
 .text.HAL_LTDC_MspInit
                0x080010ac      0x14c CMakeFiles/YTAR.elf.dir/Core/Src/stm32h7xx_hal_msp.c.obj
                0x080010ac                HAL_LTDC_MspInit
 .text.HAL_TIM_Base_MspInit
                0x080011f8       0xb4 CMakeFiles/YTAR.elf.dir/Core/Src/stm32h7xx_hal_msp.c.obj
                0x080011f8                HAL_TIM_Base_MspInit
 .text.HAL_SDRAM_MspInit
                0x080012ac        0x8 CMakeFiles/YTAR.elf.dir/Core/Src/stm32h7xx_hal_msp.c.obj
                0x080012ac                HAL_SDRAM_MspInit
 .text.NMI_Handler
                0x080012b4        0x2 CMakeFiles/YTAR.elf.dir/Core/Src/stm32h7xx_it.c.obj
                0x080012b4                NMI_Handler
 .text.HardFault_Handler
                0x080012b6        0x2 CMakeFiles/YTAR.elf.dir/Core/Src/stm32h7xx_it.c.obj
                0x080012b6                HardFault_Handler
 .text.MemManage_Handler
                0x080012b8        0x2 CMakeFiles/YTAR.elf.dir/Core/Src/stm32h7xx_it.c.obj
                0x080012b8                MemManage_Handler
 .text.BusFault_Handler
                0x080012ba        0x2 CMakeFiles/YTAR.elf.dir/Core/Src/stm32h7xx_it.c.obj
                0x080012ba                BusFault_Handler
 .text.UsageFault_Handler
                0x080012bc        0x2 CMakeFiles/YTAR.elf.dir/Core/Src/stm32h7xx_it.c.obj
                0x080012bc                UsageFault_Handler
 .text.SVC_Handler
                0x080012be        0x2 CMakeFiles/YTAR.elf.dir/Core/Src/stm32h7xx_it.c.obj
                0x080012be                SVC_Handler
 .text.DebugMon_Handler
                0x080012c0        0x2 CMakeFiles/YTAR.elf.dir/Core/Src/stm32h7xx_it.c.obj
                0x080012c0                DebugMon_Handler
 .text.PendSV_Handler
                0x080012c2        0x2 CMakeFiles/YTAR.elf.dir/Core/Src/stm32h7xx_it.c.obj
                0x080012c2                PendSV_Handler
 .text.SysTick_Handler
                0x080012c4        0x8 CMakeFiles/YTAR.elf.dir/Core/Src/stm32h7xx_it.c.obj
                0x080012c4                SysTick_Handler
 .text.DMA1_Stream0_IRQHandler
                0x080012cc       0x10 CMakeFiles/YTAR.elf.dir/Core/Src/stm32h7xx_it.c.obj
                0x080012cc                DMA1_Stream0_IRQHandler
 .text.SystemInit
                0x080012dc       0xb8 CMakeFiles/YTAR.elf.dir/Core/Src/system_stm32h7xx.c.obj
                0x080012dc                SystemInit
 .text.Reset_Handler
                0x08001394       0x50 CMakeFiles/YTAR.elf.dir/Core/Startup/startup_stm32h750xbhx.s.obj
                0x08001394                Reset_Handler
 .text.Default_Handler
                0x080013e4        0x2 CMakeFiles/YTAR.elf.dir/Core/Startup/startup_stm32h750xbhx.s.obj
                0x080013e4                RTC_Alarm_IRQHandler
                0x080013e4                HASH_RNG_IRQHandler
                0x080013e4                EXTI2_IRQHandler
                0x080013e4                TIM8_CC_IRQHandler
                0x080013e4                HRTIM1_Master_IRQHandler
                0x080013e4                UART8_IRQHandler
                0x080013e4                SPI4_IRQHandler
                0x080013e4                TIM1_CC_IRQHandler
                0x080013e4                BDMA_Channel6_IRQHandler
                0x080013e4                DMA2_Stream5_IRQHandler
                0x080013e4                HRTIM1_FLT_IRQHandler
                0x080013e4                JPEG_IRQHandler
                0x080013e4                DMA1_Stream5_IRQHandler
                0x080013e4                BDMA_Channel1_IRQHandler
                0x080013e4                HRTIM1_TIMD_IRQHandler
                0x080013e4                TAMP_STAMP_IRQHandler
                0x080013e4                EXTI3_IRQHandler
                0x080013e4                LPTIM4_IRQHandler
                0x080013e4                TIM8_TRG_COM_TIM14_IRQHandler
                0x080013e4                LPTIM2_IRQHandler
                0x080013e4                DFSDM1_FLT1_IRQHandler
                0x080013e4                DMAMUX2_OVR_IRQHandler
                0x080013e4                TIM8_UP_TIM13_IRQHandler
                0x080013e4                I2C3_ER_IRQHandler
                0x080013e4                DFSDM1_FLT2_IRQHandler
                0x080013e4                MDMA_IRQHandler
                0x080013e4                LPTIM3_IRQHandler
                0x080013e4                HSEM1_IRQHandler
                0x080013e4                EXTI0_IRQHandler
                0x080013e4                I2C2_EV_IRQHandler
                0x080013e4                DMA1_Stream2_IRQHandler
                0x080013e4                FPU_IRQHandler
                0x080013e4                OTG_HS_WKUP_IRQHandler
                0x080013e4                FDCAN1_IT1_IRQHandler
                0x080013e4                LTDC_ER_IRQHandler
                0x080013e4                DMA2_Stream2_IRQHandler
                0x080013e4                HRTIM1_TIME_IRQHandler
                0x080013e4                SPI1_IRQHandler
                0x080013e4                TIM6_DAC_IRQHandler
                0x080013e4                DCMI_IRQHandler
                0x080013e4                HRTIM1_TIMC_IRQHandler
                0x080013e4                DMA2_Stream3_IRQHandler
                0x080013e4                SAI2_IRQHandler
                0x080013e4                DFSDM1_FLT3_IRQHandler
                0x080013e4                USART6_IRQHandler
                0x080013e4                TIM17_IRQHandler
                0x080013e4                USART3_IRQHandler
                0x080013e4                BDMA_Channel7_IRQHandler
                0x080013e4                CRYP_IRQHandler
                0x080013e4                LPTIM5_IRQHandler
                0x080013e4                UART5_IRQHandler
                0x080013e4                ADC3_IRQHandler
                0x080013e4                DMA2_Stream0_IRQHandler
                0x080013e4                TIM4_IRQHandler
                0x080013e4                BDMA_Channel2_IRQHandler
                0x080013e4                QUADSPI_IRQHandler
                0x080013e4                I2C1_EV_IRQHandler
                0x080013e4                DMA1_Stream6_IRQHandler
                0x080013e4                DMAMUX1_OVR_IRQHandler
                0x080013e4                DMA1_Stream1_IRQHandler
                0x080013e4                TIM16_IRQHandler
                0x080013e4                UART4_IRQHandler
                0x080013e4                BDMA_Channel5_IRQHandler
                0x080013e4                TIM3_IRQHandler
                0x080013e4                RCC_IRQHandler
                0x080013e4                TIM8_BRK_TIM12_IRQHandler
                0x080013e4                TIM1_TRG_COM_IRQHandler
                0x080013e4                Default_Handler
                0x080013e4                ECC_IRQHandler
                0x080013e4                CEC_IRQHandler
                0x080013e4                EXTI15_10_IRQHandler
                0x080013e4                BDMA_Channel0_IRQHandler
                0x080013e4                ADC_IRQHandler
                0x080013e4                DMA1_Stream7_IRQHandler
                0x080013e4                HRTIM1_TIMA_IRQHandler
                0x080013e4                SPI5_IRQHandler
                0x080013e4                TIM7_IRQHandler
                0x080013e4                SDMMC1_IRQHandler
                0x080013e4                TIM5_IRQHandler
                0x080013e4                DMA2_Stream7_IRQHandler
                0x080013e4                TIM15_IRQHandler
                0x080013e4                PVD_AVD_IRQHandler
                0x080013e4                I2C3_EV_IRQHandler
                0x080013e4                EXTI9_5_IRQHandler
                0x080013e4                RTC_WKUP_IRQHandler
                0x080013e4                LTDC_IRQHandler
                0x080013e4                SAI3_IRQHandler
                0x080013e4                ETH_WKUP_IRQHandler
                0x080013e4                SPDIF_RX_IRQHandler
                0x080013e4                SPI2_IRQHandler
                0x080013e4                OTG_HS_EP1_IN_IRQHandler
                0x080013e4                CRS_IRQHandler
                0x080013e4                EXTI4_IRQHandler
                0x080013e4                HRTIM1_TIMB_IRQHandler
                0x080013e4                FDCAN2_IT1_IRQHandler
                0x080013e4                ETH_IRQHandler
                0x080013e4                TIM1_UP_IRQHandler
                0x080013e4                BDMA_Channel4_IRQHandler
                0x080013e4                OTG_HS_EP1_OUT_IRQHandler
                0x080013e4                WWDG_IRQHandler
                0x080013e4                SPI6_IRQHandler
                0x080013e4                MDIOS_IRQHandler
                0x080013e4                I2C4_EV_IRQHandler
                0x080013e4                FDCAN2_IT0_IRQHandler
                0x080013e4                LPUART1_IRQHandler
                0x080013e4                FDCAN1_IT0_IRQHandler
                0x080013e4                TIM2_IRQHandler
                0x080013e4                OTG_FS_WKUP_IRQHandler
                0x080013e4                OTG_HS_IRQHandler
                0x080013e4                DMA2D_IRQHandler
                0x080013e4                TIM1_BRK_IRQHandler
                0x080013e4                EXTI1_IRQHandler
                0x080013e4                SDMMC2_IRQHandler
                0x080013e4                OTG_FS_EP1_OUT_IRQHandler
                0x080013e4                BDMA_Channel3_IRQHandler
                0x080013e4                UART7_IRQHandler
                0x080013e4                MDIOS_WKUP_IRQHandler
                0x080013e4                USART2_IRQHandler
                0x080013e4                DFSDM1_FLT0_IRQHandler
                0x080013e4                SAI4_IRQHandler
                0x080013e4                I2C2_ER_IRQHandler
                0x080013e4                DMA2_Stream1_IRQHandler
                0x080013e4                FLASH_IRQHandler
                0x080013e4                DMA2_Stream4_IRQHandler
                0x080013e4                USART1_IRQHandler
                0x080013e4                OTG_FS_IRQHandler
                0x080013e4                SPI3_IRQHandler
                0x080013e4                WAKEUP_PIN_IRQHandler
                0x080013e4                DMA1_Stream4_IRQHandler
                0x080013e4                OTG_FS_EP1_IN_IRQHandler
                0x080013e4                I2C1_ER_IRQHandler
                0x080013e4                FMC_IRQHandler
                0x080013e4                FDCAN_CAL_IRQHandler
                0x080013e4                SWPMI1_IRQHandler
                0x080013e4                COMP1_IRQHandler
                0x080013e4                LPTIM1_IRQHandler
                0x080013e4                I2C4_ER_IRQHandler
                0x080013e4                DMA2_Stream6_IRQHandler
                0x080013e4                SAI1_IRQHandler
                0x080013e4                DMA1_Stream3_IRQHandler
 *fill*         0x080013e6        0x2 
 .text.HAL_InitTick
                0x080013e8       0x50 CMakeFiles/YTAR.elf.dir/Drivers/STM32H7xx_HAL_Driver/Src/stm32h7xx_hal.c.obj
                0x080013e8                HAL_InitTick
 .text.HAL_Init
                0x08001438       0x5c CMakeFiles/YTAR.elf.dir/Drivers/STM32H7xx_HAL_Driver/Src/stm32h7xx_hal.c.obj
                0x08001438                HAL_Init
 .text.HAL_IncTick
                0x08001494       0x18 CMakeFiles/YTAR.elf.dir/Drivers/STM32H7xx_HAL_Driver/Src/stm32h7xx_hal.c.obj
                0x08001494                HAL_IncTick
 .text.HAL_GetTick
                0x080014ac        0xc CMakeFiles/YTAR.elf.dir/Drivers/STM32H7xx_HAL_Driver/Src/stm32h7xx_hal.c.obj
                0x080014ac                HAL_GetTick
 .text.HAL_GetREVID
                0x080014b8        0xc CMakeFiles/YTAR.elf.dir/Drivers/STM32H7xx_HAL_Driver/Src/stm32h7xx_hal.c.obj
                0x080014b8                HAL_GetREVID
 .text.__NVIC_EnableIRQ
                0x080014c4       0x1c CMakeFiles/YTAR.elf.dir/Drivers/STM32H7xx_HAL_Driver/Src/stm32h7xx_hal_cortex.c.obj
 .text.__NVIC_SetPriority
                0x080014e0       0x24 CMakeFiles/YTAR.elf.dir/Drivers/STM32H7xx_HAL_Driver/Src/stm32h7xx_hal_cortex.c.obj
 .text.NVIC_EncodePriority
                0x08001504       0x3e CMakeFiles/YTAR.elf.dir/Drivers/STM32H7xx_HAL_Driver/Src/stm32h7xx_hal_cortex.c.obj
 *fill*         0x08001542        0x2 
 .text.HAL_NVIC_SetPriorityGrouping
                0x08001544       0x24 CMakeFiles/YTAR.elf.dir/Drivers/STM32H7xx_HAL_Driver/Src/stm32h7xx_hal_cortex.c.obj
                0x08001544                HAL_NVIC_SetPriorityGrouping
 .text.HAL_NVIC_SetPriority
                0x08001568       0x20 CMakeFiles/YTAR.elf.dir/Drivers/STM32H7xx_HAL_Driver/Src/stm32h7xx_hal_cortex.c.obj
                0x08001568                HAL_NVIC_SetPriority
 .text.HAL_NVIC_EnableIRQ
                0x08001588        0x8 CMakeFiles/YTAR.elf.dir/Drivers/STM32H7xx_HAL_Driver/Src/stm32h7xx_hal_cortex.c.obj
                0x08001588                HAL_NVIC_EnableIRQ
 .text.HAL_SYSTICK_Config
                0x08001590       0x28 CMakeFiles/YTAR.elf.dir/Drivers/STM32H7xx_HAL_Driver/Src/stm32h7xx_hal_cortex.c.obj
                0x08001590                HAL_SYSTICK_Config
 .text.DMA_CalcBaseAndBitshift
                0x080015b8       0xb0 CMakeFiles/YTAR.elf.dir/Drivers/STM32H7xx_HAL_Driver/Src/stm32h7xx_hal_dma.c.obj
 .text.DMA_CheckFifoParam
                0x08001668       0xa0 CMakeFiles/YTAR.elf.dir/Drivers/STM32H7xx_HAL_Driver/Src/stm32h7xx_hal_dma.c.obj
 .text.DMA_CalcDMAMUXChannelBaseAndMask
                0x08001708       0xac CMakeFiles/YTAR.elf.dir/Drivers/STM32H7xx_HAL_Driver/Src/stm32h7xx_hal_dma.c.obj
 .text.DMA_CalcDMAMUXRequestGenBaseAndMask
                0x080017b4       0x7c CMakeFiles/YTAR.elf.dir/Drivers/STM32H7xx_HAL_Driver/Src/stm32h7xx_hal_dma.c.obj
 .text.HAL_DMA_Init
                0x08001830      0x3a4 CMakeFiles/YTAR.elf.dir/Drivers/STM32H7xx_HAL_Driver/Src/stm32h7xx_hal_dma.c.obj
                0x08001830                HAL_DMA_Init
 .text.HAL_DMA_IRQHandler
                0x08001bd4      0x734 CMakeFiles/YTAR.elf.dir/Drivers/STM32H7xx_HAL_Driver/Src/stm32h7xx_hal_dma.c.obj
                0x08001bd4                HAL_DMA_IRQHandler
 .text.FDCAN_CalcultateRamBlockAddresses
                0x08002308      0x1e0 CMakeFiles/YTAR.elf.dir/Drivers/STM32H7xx_HAL_Driver/Src/stm32h7xx_hal_fdcan.c.obj
 .text.HAL_FDCAN_Init
                0x080024e8      0x294 CMakeFiles/YTAR.elf.dir/Drivers/STM32H7xx_HAL_Driver/Src/stm32h7xx_hal_fdcan.c.obj
                0x080024e8                HAL_FDCAN_Init
 .text.HAL_GPIO_Init
                0x0800277c      0x228 CMakeFiles/YTAR.elf.dir/Drivers/STM32H7xx_HAL_Driver/Src/stm32h7xx_hal_gpio.c.obj
                0x0800277c                HAL_GPIO_Init
 .text.HAL_GPIO_WritePin
                0x080029a4        0xc CMakeFiles/YTAR.elf.dir/Drivers/STM32H7xx_HAL_Driver/Src/stm32h7xx_hal_gpio.c.obj
                0x080029a4                HAL_GPIO_WritePin
 .text.LTDC_SetConfig
                0x080029b0      0x1c4 CMakeFiles/YTAR.elf.dir/Drivers/STM32H7xx_HAL_Driver/Src/stm32h7xx_hal_ltdc.c.obj
 .text.HAL_LTDC_Init
                0x08002b74       0xf8 CMakeFiles/YTAR.elf.dir/Drivers/STM32H7xx_HAL_Driver/Src/stm32h7xx_hal_ltdc.c.obj
                0x08002b74                HAL_LTDC_Init
 .text.HAL_LTDC_ConfigLayer
                0x08002c6c       0x68 CMakeFiles/YTAR.elf.dir/Drivers/STM32H7xx_HAL_Driver/Src/stm32h7xx_hal_ltdc.c.obj
                0x08002c6c                HAL_LTDC_ConfigLayer
 .text.HAL_PWREx_ConfigSupply
                0x08002cd4       0x54 CMakeFiles/YTAR.elf.dir/Drivers/STM32H7xx_HAL_Driver/Src/stm32h7xx_hal_pwr_ex.c.obj
                0x08002cd4                HAL_PWREx_ConfigSupply
 .text.HAL_RCC_OscConfig
                0x08002d28      0x6b0 CMakeFiles/YTAR.elf.dir/Drivers/STM32H7xx_HAL_Driver/Src/stm32h7xx_hal_rcc.c.obj
                0x08002d28                HAL_RCC_OscConfig
 .text.HAL_RCC_GetSysClockFreq
                0x080033d8      0x224 CMakeFiles/YTAR.elf.dir/Drivers/STM32H7xx_HAL_Driver/Src/stm32h7xx_hal_rcc.c.obj
                0x080033d8                HAL_RCC_GetSysClockFreq
 .text.HAL_RCC_ClockConfig
                0x080035fc      0x294 CMakeFiles/YTAR.elf.dir/Drivers/STM32H7xx_HAL_Driver/Src/stm32h7xx_hal_rcc.c.obj
                0x080035fc                HAL_RCC_ClockConfig
 .text.RCCEx_PLL2_Config
                0x08003890      0x108 CMakeFiles/YTAR.elf.dir/Drivers/STM32H7xx_HAL_Driver/Src/stm32h7xx_hal_rcc_ex.c.obj
 .text.RCCEx_PLL3_Config
                0x08003998      0x108 CMakeFiles/YTAR.elf.dir/Drivers/STM32H7xx_HAL_Driver/Src/stm32h7xx_hal_rcc_ex.c.obj
 .text.HAL_RCCEx_PeriphCLKConfig
                0x08003aa0      0xb7c CMakeFiles/YTAR.elf.dir/Drivers/STM32H7xx_HAL_Driver/Src/stm32h7xx_hal_rcc_ex.c.obj
                0x08003aa0                HAL_RCCEx_PeriphCLKConfig
 .text.HAL_SDRAM_Init
                0x0800461c       0x50 CMakeFiles/YTAR.elf.dir/Drivers/STM32H7xx_HAL_Driver/Src/stm32h7xx_hal_sdram.c.obj
                0x0800461c                HAL_SDRAM_Init
 .text.HAL_SDRAM_Read_32b
                0x0800466c       0x50 CMakeFiles/YTAR.elf.dir/Drivers/STM32H7xx_HAL_Driver/Src/stm32h7xx_hal_sdram.c.obj
                0x0800466c                HAL_SDRAM_Read_32b
 .text.TIM_TI1_ConfigInputStage
                0x080046bc       0x24 CMakeFiles/YTAR.elf.dir/Drivers/STM32H7xx_HAL_Driver/Src/stm32h7xx_hal_tim.c.obj
 .text.TIM_TI2_ConfigInputStage
                0x080046e0       0x26 CMakeFiles/YTAR.elf.dir/Drivers/STM32H7xx_HAL_Driver/Src/stm32h7xx_hal_tim.c.obj
 *fill*         0x08004706        0x2 
 .text.TIM_ITRx_SetConfig
                0x08004708       0x14 CMakeFiles/YTAR.elf.dir/Drivers/STM32H7xx_HAL_Driver/Src/stm32h7xx_hal_tim.c.obj
 .text.TIM_Base_SetConfig
                0x0800471c      0x114 CMakeFiles/YTAR.elf.dir/Drivers/STM32H7xx_HAL_Driver/Src/stm32h7xx_hal_tim.c.obj
                0x0800471c                TIM_Base_SetConfig
 .text.HAL_TIM_Base_Init
                0x08004830       0x60 CMakeFiles/YTAR.elf.dir/Drivers/STM32H7xx_HAL_Driver/Src/stm32h7xx_hal_tim.c.obj
                0x08004830                HAL_TIM_Base_Init
 .text.TIM_ETR_SetConfig
                0x08004890       0x18 CMakeFiles/YTAR.elf.dir/Drivers/STM32H7xx_HAL_Driver/Src/stm32h7xx_hal_tim.c.obj
                0x08004890                TIM_ETR_SetConfig
 .text.HAL_TIM_ConfigClockSource
                0x080048a8      0x138 CMakeFiles/YTAR.elf.dir/Drivers/STM32H7xx_HAL_Driver/Src/stm32h7xx_hal_tim.c.obj
                0x080048a8                HAL_TIM_ConfigClockSource
 .text.HAL_TIMEx_MasterConfigSynchronization
                0x080049e0       0xa0 CMakeFiles/YTAR.elf.dir/Drivers/STM32H7xx_HAL_Driver/Src/stm32h7xx_hal_tim_ex.c.obj
                0x080049e0                HAL_TIMEx_MasterConfigSynchronization
 .text.FMC_SDRAM_Init
                0x08004a80       0x6e CMakeFiles/YTAR.elf.dir/Drivers/STM32H7xx_HAL_Driver/Src/stm32h7xx_ll_fmc.c.obj
                0x08004a80                FMC_SDRAM_Init
 *fill*         0x08004aee        0x2 
 .text.FMC_SDRAM_Timing_Init
                0x08004af0       0xb4 CMakeFiles/YTAR.elf.dir/Drivers/STM32H7xx_HAL_Driver/Src/stm32h7xx_ll_fmc.c.obj
                0x08004af0                FMC_SDRAM_Timing_Init
 .text.atexit   0x08004ba4        0xc /usr/lib/gcc/arm-none-eabi/14.1.0/../../../../arm-none-eabi/lib/thumb/v7e-m/nofp/libg.a(libc_a-atexit.o)
                0x08004ba4                atexit
 .text.memset   0x08004bb0       0xa4 /usr/lib/gcc/arm-none-eabi/14.1.0/../../../../arm-none-eabi/lib/thumb/v7e-m/nofp/libg.a(libc_a-memset.o)
                0x08004bb0                memset
 .text.__libc_init_array
                0x08004c54       0x50 /usr/lib/gcc/arm-none-eabi/14.1.0/../../../../arm-none-eabi/lib/thumb/v7e-m/nofp/libg.a(libc_a-init.o)
                0x08004c54                __libc_init_array
 .text.__libc_fini_array
                0x08004ca4       0x28 /usr/lib/gcc/arm-none-eabi/14.1.0/../../../../arm-none-eabi/lib/thumb/v7e-m/nofp/libg.a(libc_a-fini.o)
                0x08004ca4                __libc_fini_array
 .text.__retarget_lock_acquire_recursive
                0x08004ccc        0x4 /usr/lib/gcc/arm-none-eabi/14.1.0/../../../../arm-none-eabi/lib/thumb/v7e-m/nofp/libg.a(libc_a-lock.o)
                0x08004ccc                __retarget_lock_acquire_recursive
 .text.__retarget_lock_release_recursive
                0x08004cd0        0x4 /usr/lib/gcc/arm-none-eabi/14.1.0/../../../../arm-none-eabi/lib/thumb/v7e-m/nofp/libg.a(libc_a-lock.o)
                0x08004cd0                __retarget_lock_release_recursive
 .text.__register_exitproc
                0x08004cd4       0x80 /usr/lib/gcc/arm-none-eabi/14.1.0/../../../../arm-none-eabi/lib/thumb/v7e-m/nofp/libg.a(libc_a-__atexit.o)
                0x08004cd4                __register_exitproc
 .text.startup.register_fini
                0x08004d54       0x14 /usr/lib/gcc/arm-none-eabi/14.1.0/../../../../arm-none-eabi/lib/thumb/v7e-m/nofp/libg.a(libc_a-__call_atexit.o)
 *(.glue_7)
 .glue_7        0x08004d68        0x0 linker stubs
 *(.glue_7t)
 .glue_7t       0x08004d68        0x0 linker stubs
 *(.eh_frame)
 .eh_frame      0x08004d68        0x0 /usr/lib/gcc/arm-none-eabi/14.1.0/thumb/v7e-m/nofp/crtbegin.o
 *(.init)
 .init          0x08004d68        0x4 /usr/lib/gcc/arm-none-eabi/14.1.0/thumb/v7e-m/nofp/crti.o
                0x08004d68                _init
 .init          0x08004d6c        0x8 /usr/lib/gcc/arm-none-eabi/14.1.0/thumb/v7e-m/nofp/crtn.o
 *(.fini)
 .fini          0x08004d74        0x4 /usr/lib/gcc/arm-none-eabi/14.1.0/thumb/v7e-m/nofp/crti.o
                0x08004d74                _fini
 .fini          0x08004d78        0x8 /usr/lib/gcc/arm-none-eabi/14.1.0/thumb/v7e-m/nofp/crtn.o
                0x08004d80                        . = ALIGN (0x4)
                0x08004d80                        _etext = .

.vfp11_veneer   0x08004d80        0x0
 .vfp11_veneer  0x08004d80        0x0 linker stubs

.v4_bx          0x08004d80        0x0
 .v4_bx         0x08004d80        0x0 linker stubs

.iplt           0x08004d80        0x0
 .iplt          0x08004d80        0x0 /usr/lib/gcc/arm-none-eabi/14.1.0/thumb/v7e-m/nofp/crtbegin.o

.rodata         0x08004d80       0x64
                0x08004d80                        . = ALIGN (0x4)
 *(.rodata)
 .rodata        0x08004d80       0x4c CMakeFiles/YTAR.elf.dir/Drivers/STM32H7xx_HAL_Driver/Src/stm32h7xx_hal_fdcan.c.obj
 *(.rodata*)
 .rodata.D1CorePrescTable
                0x08004dcc       0x10 CMakeFiles/YTAR.elf.dir/Core/Src/system_stm32h7xx.c.obj
                0x08004dcc                D1CorePrescTable
 .rodata.flagBitshiftOffset.0
                0x08004ddc        0x8 CMakeFiles/YTAR.elf.dir/Drivers/STM32H7xx_HAL_Driver/Src/stm32h7xx_hal_dma.c.obj
                0x08004de4                        . = ALIGN (0x4)

.ARM.extab
 *(.ARM.extab* .gnu.linkonce.armextab.*)

.ARM            0x08004de4        0x8
                0x08004de4                        __exidx_start = .
 *(.ARM.exidx*)
 .ARM.exidx     0x08004de4        0x8 /usr/lib/gcc/arm-none-eabi/14.1.0/../../../../arm-none-eabi/lib/thumb/v7e-m/nofp/libg.a(libc_a-memcpy.o)
                0x08004dec                        __exidx_end = .

.rel.dyn        0x08004dec        0x0
 .rel.iplt      0x08004dec        0x0 /usr/lib/gcc/arm-none-eabi/14.1.0/thumb/v7e-m/nofp/crtbegin.o

.preinit_array  0x08004dec        0x0
                0x08004dec                        PROVIDE (__preinit_array_start = .)
 *(.preinit_array*)
                0x08004dec                        PROVIDE (__preinit_array_end = .)

.init_array     0x08004dec        0x8
                0x08004dec                        PROVIDE (__init_array_start = .)
 *(SORT_BY_NAME(.init_array.*))
 .init_array.00000
                0x08004dec        0x4 /usr/lib/gcc/arm-none-eabi/14.1.0/../../../../arm-none-eabi/lib/thumb/v7e-m/nofp/libg.a(libc_a-__call_atexit.o)
 *(.init_array*)
 .init_array    0x08004df0        0x4 /usr/lib/gcc/arm-none-eabi/14.1.0/thumb/v7e-m/nofp/crtbegin.o
                0x08004df4                        PROVIDE (__init_array_end = .)

.fini_array     0x08004df4        0x4
                0x08004df4                        PROVIDE (__fini_array_start = .)
 *(SORT_BY_NAME(.fini_array.*))
 *(.fini_array*)
 .fini_array    0x08004df4        0x4 /usr/lib/gcc/arm-none-eabi/14.1.0/thumb/v7e-m/nofp/crtbegin.o
                0x08004df8                        PROVIDE (__fini_array_end = .)
                0x08004df8                        _sidata = LOADADDR (.data)

.data           0x24000000       0x14 load address 0x08004df8
                0x24000000                        . = ALIGN (0x4)
                0x24000000                        _sdata = .
 *(.data)
 *(.data*)
 .data.SystemD2Clock
                0x24000000        0x4 CMakeFiles/YTAR.elf.dir/Core/Src/system_stm32h7xx.c.obj
                0x24000000                SystemD2Clock
 .data.SystemCoreClock
                0x24000004        0x4 CMakeFiles/YTAR.elf.dir/Core/Src/system_stm32h7xx.c.obj
                0x24000004                SystemCoreClock
 .data.uwTickFreq
                0x24000008        0x1 CMakeFiles/YTAR.elf.dir/Drivers/STM32H7xx_HAL_Driver/Src/stm32h7xx_hal.c.obj
                0x24000008                uwTickFreq
 *fill*         0x24000009        0x3 
 .data.uwTickPrio
                0x2400000c        0x4 CMakeFiles/YTAR.elf.dir/Drivers/STM32H7xx_HAL_Driver/Src/stm32h7xx_hal.c.obj
                0x2400000c                uwTickPrio
 .data.__atexit_recursive_mutex
                0x24000010        0x4 /usr/lib/gcc/arm-none-eabi/14.1.0/../../../../arm-none-eabi/lib/thumb/v7e-m/nofp/libg.a(libc_a-__call_atexit.o)
                0x24000010                __atexit_recursive_mutex
 *(.RamFunc)
 *(.RamFunc*)
                0x24000014                        . = ALIGN (0x4)
                0x24000014                        _edata = .

.igot.plt       0x24000014        0x0 load address 0x08004e0c
 .igot.plt      0x24000014        0x0 /usr/lib/gcc/arm-none-eabi/14.1.0/thumb/v7e-m/nofp/crtbegin.o
                0x24000014                        . = ALIGN (0x4)

.bss            0x24000014      0x3fc load address 0x08004e0c
                0x24000014                        _sbss = .
                0x24000014                        __bss_start__ = _sbss
 *(.bss)
 *(.bss*)
 .bss.completed.1
                0x24000014        0x1 /usr/lib/gcc/arm-none-eabi/14.1.0/thumb/v7e-m/nofp/crtbegin.o
 *fill*         0x24000015        0x3 
 .bss.object.0  0x24000018       0x18 /usr/lib/gcc/arm-none-eabi/14.1.0/thumb/v7e-m/nofp/crtbegin.o
 .bss.hsdram1   0x24000030       0x34 CMakeFiles/YTAR.elf.dir/Core/Src/main.c.obj
                0x24000030                hsdram1
 .bss.hdma_tim2_up
                0x24000064       0x78 CMakeFiles/YTAR.elf.dir/Core/Src/main.c.obj
                0x24000064                hdma_tim2_up
 .bss.htim2     0x240000dc       0x4c CMakeFiles/YTAR.elf.dir/Core/Src/main.c.obj
                0x240000dc                htim2
 .bss.hltdc     0x24000128       0xa8 CMakeFiles/YTAR.elf.dir/Core/Src/main.c.obj
                0x24000128                hltdc
 .bss.hfdcan1   0x240001d0       0xa0 CMakeFiles/YTAR.elf.dir/Core/Src/main.c.obj
                0x240001d0                hfdcan1
 .bss.FMC_Initialized
                0x24000270        0x4 CMakeFiles/YTAR.elf.dir/Core/Src/stm32h7xx_hal_msp.c.obj
 .bss.uwTick    0x24000274        0x4 CMakeFiles/YTAR.elf.dir/Drivers/STM32H7xx_HAL_Driver/Src/stm32h7xx_hal.c.obj
                0x24000274                uwTick
 .bss.__lock___atexit_recursive_mutex
                0x24000278        0x1 /usr/lib/gcc/arm-none-eabi/14.1.0/../../../../arm-none-eabi/lib/thumb/v7e-m/nofp/libg.a(libc_a-lock.o)
                0x24000278                __lock___atexit_recursive_mutex
 *fill*         0x24000279        0x3 
 .bss.__atexit0
                0x2400027c      0x190 /usr/lib/gcc/arm-none-eabi/14.1.0/../../../../arm-none-eabi/lib/thumb/v7e-m/nofp/libg.a(libc_a-__atexit.o)
                0x2400027c                __atexit0
 .bss.__atexit  0x2400040c        0x4 /usr/lib/gcc/arm-none-eabi/14.1.0/../../../../arm-none-eabi/lib/thumb/v7e-m/nofp/libg.a(libc_a-__call_atexit.o)
                0x2400040c                __atexit
 *(COMMON)
                0x24000410                        . = ALIGN (0x4)
                0x24000410                        _ebss = .
                0x24000410                        __bss_end__ = _ebss

._user_heap_stack
                0x24000410      0x600 load address 0x08004e0c
                0x24000410                        . = ALIGN (0x8)
                [!provide]                        PROVIDE (end = .)
                0x24000410                        PROVIDE (_end = .)
                0x24000610                        . = (. + _Min_Heap_Size)
 *fill*         0x24000410      0x200 
                0x24000a10                        . = (. + _Min_Stack_Size)
 *fill*         0x24000610      0x400 
                0x24000a10                        . = ALIGN (0x8)

/DISCARD/
 libc.a(*)
 libm.a(*)
 libgcc.a(*)

.ARM.attributes
                0x00000000       0x2a
 *(.ARM.attributes)
 .ARM.attributes
                0x00000000       0x1e /usr/lib/gcc/arm-none-eabi/14.1.0/thumb/v7e-m/nofp/crti.o
 .ARM.attributes
                0x0000001e       0x2e /usr/lib/gcc/arm-none-eabi/14.1.0/thumb/v7e-m/nofp/crtbegin.o
 .ARM.attributes
                0x0000004c       0x2e CMakeFiles/YTAR.elf.dir/Core/Src/main.c.obj
 .ARM.attributes
                0x0000007a       0x2e CMakeFiles/YTAR.elf.dir/Core/Src/stm32h7xx_hal_msp.c.obj
 .ARM.attributes
                0x000000a8       0x2e CMakeFiles/YTAR.elf.dir/Core/Src/stm32h7xx_it.c.obj
 .ARM.attributes
                0x000000d6       0x2e CMakeFiles/YTAR.elf.dir/Core/Src/system_stm32h7xx.c.obj
 .ARM.attributes
                0x00000104       0x21 CMakeFiles/YTAR.elf.dir/Core/Startup/startup_stm32h750xbhx.s.obj
 .ARM.attributes
                0x00000125       0x2e CMakeFiles/YTAR.elf.dir/Drivers/STM32H7xx_HAL_Driver/Src/stm32h7xx_hal.c.obj
 .ARM.attributes
                0x00000153       0x2e CMakeFiles/YTAR.elf.dir/Drivers/STM32H7xx_HAL_Driver/Src/stm32h7xx_hal_cortex.c.obj
 .ARM.attributes
                0x00000181       0x2e CMakeFiles/YTAR.elf.dir/Drivers/STM32H7xx_HAL_Driver/Src/stm32h7xx_hal_dma.c.obj
 .ARM.attributes
                0x000001af       0x2e CMakeFiles/YTAR.elf.dir/Drivers/STM32H7xx_HAL_Driver/Src/stm32h7xx_hal_fdcan.c.obj
 .ARM.attributes
                0x000001dd       0x2e CMakeFiles/YTAR.elf.dir/Drivers/STM32H7xx_HAL_Driver/Src/stm32h7xx_hal_gpio.c.obj
 .ARM.attributes
                0x0000020b       0x2e CMakeFiles/YTAR.elf.dir/Drivers/STM32H7xx_HAL_Driver/Src/stm32h7xx_hal_ltdc.c.obj
 .ARM.attributes
                0x00000239       0x2e CMakeFiles/YTAR.elf.dir/Drivers/STM32H7xx_HAL_Driver/Src/stm32h7xx_hal_pwr_ex.c.obj
 .ARM.attributes
                0x00000267       0x2e CMakeFiles/YTAR.elf.dir/Drivers/STM32H7xx_HAL_Driver/Src/stm32h7xx_hal_rcc.c.obj
 .ARM.attributes
                0x00000295       0x2e CMakeFiles/YTAR.elf.dir/Drivers/STM32H7xx_HAL_Driver/Src/stm32h7xx_hal_rcc_ex.c.obj
 .ARM.attributes
                0x000002c3       0x2e CMakeFiles/YTAR.elf.dir/Drivers/STM32H7xx_HAL_Driver/Src/stm32h7xx_hal_sdram.c.obj
 .ARM.attributes
                0x000002f1       0x2e CMakeFiles/YTAR.elf.dir/Drivers/STM32H7xx_HAL_Driver/Src/stm32h7xx_hal_tim.c.obj
 .ARM.attributes
                0x0000031f       0x2e CMakeFiles/YTAR.elf.dir/Drivers/STM32H7xx_HAL_Driver/Src/stm32h7xx_hal_tim_ex.c.obj
 .ARM.attributes
                0x0000034d       0x2e CMakeFiles/YTAR.elf.dir/Drivers/STM32H7xx_HAL_Driver/Src/stm32h7xx_ll_fmc.c.obj
 .ARM.attributes
                0x0000037b       0x1e /usr/lib/gcc/arm-none-eabi/14.1.0/thumb/v7e-m/nofp/libgcc.a(_arm_addsubsf3.o)
 .ARM.attributes
                0x00000399       0x1e /usr/lib/gcc/arm-none-eabi/14.1.0/thumb/v7e-m/nofp/libgcc.a(_arm_muldivsf3.o)
 .ARM.attributes
                0x000003b7       0x1e /usr/lib/gcc/arm-none-eabi/14.1.0/thumb/v7e-m/nofp/libgcc.a(_arm_fixunssfsi.o)
 .ARM.attributes
                0x000003d5       0x2e /usr/lib/gcc/arm-none-eabi/14.1.0/../../../../arm-none-eabi/lib/thumb/v7e-m/nofp/libg.a(libc_a-atexit.o)
 .ARM.attributes
                0x00000403       0x2e /usr/lib/gcc/arm-none-eabi/14.1.0/../../../../arm-none-eabi/lib/thumb/v7e-m/nofp/libg.a(libc_a-memset.o)
 .ARM.attributes
                0x00000431       0x2e /usr/lib/gcc/arm-none-eabi/14.1.0/../../../../arm-none-eabi/lib/thumb/v7e-m/nofp/libg.a(libc_a-init.o)
 .ARM.attributes
                0x0000045f       0x2e /usr/lib/gcc/arm-none-eabi/14.1.0/../../../../arm-none-eabi/lib/thumb/v7e-m/nofp/libg.a(libc_a-fini.o)
 .ARM.attributes
                0x0000048d       0x2e /usr/lib/gcc/arm-none-eabi/14.1.0/../../../../arm-none-eabi/lib/thumb/v7e-m/nofp/libg.a(libc_a-lock.o)
 .ARM.attributes
                0x000004bb       0x1c /usr/lib/gcc/arm-none-eabi/14.1.0/../../../../arm-none-eabi/lib/thumb/v7e-m/nofp/libg.a(libc_a-memcpy.o)
 .ARM.attributes
                0x000004d7       0x2e /usr/lib/gcc/arm-none-eabi/14.1.0/../../../../arm-none-eabi/lib/thumb/v7e-m/nofp/libg.a(libc_a-__atexit.o)
 .ARM.attributes
                0x00000505       0x2e /usr/lib/gcc/arm-none-eabi/14.1.0/../../../../arm-none-eabi/lib/thumb/v7e-m/nofp/libg.a(libc_a-__call_atexit.o)
 .ARM.attributes
                0x00000533       0x1e /usr/lib/gcc/arm-none-eabi/14.1.0/thumb/v7e-m/nofp/crtn.o
OUTPUT(YTAR.elf elf32-littlearm)
LOAD linker stubs
LOAD /usr/lib/gcc/arm-none-eabi/14.1.0/../../../../arm-none-eabi/lib/thumb/v7e-m/nofp/libc.a
LOAD /usr/lib/gcc/arm-none-eabi/14.1.0/../../../../arm-none-eabi/lib/thumb/v7e-m/nofp/libm.a
LOAD /usr/lib/gcc/arm-none-eabi/14.1.0/thumb/v7e-m/nofp/libgcc.a

.debug_info     0x00000000    0x1c86c
 .debug_info    0x00000000     0x32eb CMakeFiles/YTAR.elf.dir/Core/Src/main.c.obj
 .debug_info    0x000032eb     0x2cb3 CMakeFiles/YTAR.elf.dir/Core/Src/stm32h7xx_hal_msp.c.obj
 .debug_info    0x00005f9e      0x461 CMakeFiles/YTAR.elf.dir/Core/Src/stm32h7xx_it.c.obj
 .debug_info    0x000063ff      0xa61 CMakeFiles/YTAR.elf.dir/Core/Src/system_stm32h7xx.c.obj
 .debug_info    0x00006e60       0x30 CMakeFiles/YTAR.elf.dir/Core/Startup/startup_stm32h750xbhx.s.obj
 .debug_info    0x00006e90     0x163f CMakeFiles/YTAR.elf.dir/Drivers/STM32H7xx_HAL_Driver/Src/stm32h7xx_hal.c.obj
 .debug_info    0x000084cf     0x131b CMakeFiles/YTAR.elf.dir/Drivers/STM32H7xx_HAL_Driver/Src/stm32h7xx_hal_cortex.c.obj
 .debug_info    0x000097ea      0xf46 CMakeFiles/YTAR.elf.dir/Drivers/STM32H7xx_HAL_Driver/Src/stm32h7xx_hal_dma.c.obj
 .debug_info    0x0000a730     0x3275 CMakeFiles/YTAR.elf.dir/Drivers/STM32H7xx_HAL_Driver/Src/stm32h7xx_hal_fdcan.c.obj
 .debug_info    0x0000d9a5      0xc87 CMakeFiles/YTAR.elf.dir/Drivers/STM32H7xx_HAL_Driver/Src/stm32h7xx_hal_gpio.c.obj
 .debug_info    0x0000e62c     0x14f5 CMakeFiles/YTAR.elf.dir/Drivers/STM32H7xx_HAL_Driver/Src/stm32h7xx_hal_ltdc.c.obj
 .debug_info    0x0000fb21     0x119c CMakeFiles/YTAR.elf.dir/Drivers/STM32H7xx_HAL_Driver/Src/stm32h7xx_hal_pwr_ex.c.obj
 .debug_info    0x00010cbd     0x12f0 CMakeFiles/YTAR.elf.dir/Drivers/STM32H7xx_HAL_Driver/Src/stm32h7xx_hal_rcc.c.obj
 .debug_info    0x00011fad     0x1f6b CMakeFiles/YTAR.elf.dir/Drivers/STM32H7xx_HAL_Driver/Src/stm32h7xx_hal_rcc_ex.c.obj
 .debug_info    0x00013f18     0x130a CMakeFiles/YTAR.elf.dir/Drivers/STM32H7xx_HAL_Driver/Src/stm32h7xx_hal_sdram.c.obj
 .debug_info    0x00015222     0x3e18 CMakeFiles/YTAR.elf.dir/Drivers/STM32H7xx_HAL_Driver/Src/stm32h7xx_hal_tim.c.obj
 .debug_info    0x0001903a     0x1e6b CMakeFiles/YTAR.elf.dir/Drivers/STM32H7xx_HAL_Driver/Src/stm32h7xx_hal_tim_ex.c.obj
 .debug_info    0x0001aea5      0xc8e CMakeFiles/YTAR.elf.dir/Drivers/STM32H7xx_HAL_Driver/Src/stm32h7xx_ll_fmc.c.obj
 .debug_info    0x0001bb33       0xca /usr/lib/gcc/arm-none-eabi/14.1.0/thumb/v7e-m/nofp/libgcc.a(_arm_addsubsf3.o)
 .debug_info    0x0001bbfd       0x57 /usr/lib/gcc/arm-none-eabi/14.1.0/thumb/v7e-m/nofp/libgcc.a(_arm_muldivsf3.o)
 .debug_info    0x0001bc54       0x3c /usr/lib/gcc/arm-none-eabi/14.1.0/thumb/v7e-m/nofp/libgcc.a(_arm_fixunssfsi.o)
 .debug_info    0x0001bc90      0x11e /usr/lib/gcc/arm-none-eabi/14.1.0/../../../../arm-none-eabi/lib/thumb/v7e-m/nofp/libg.a(libc_a-atexit.o)
 .debug_info    0x0001bdae      0x135 /usr/lib/gcc/arm-none-eabi/14.1.0/../../../../arm-none-eabi/lib/thumb/v7e-m/nofp/libg.a(libc_a-memset.o)
 .debug_info    0x0001bee3      0x10b /usr/lib/gcc/arm-none-eabi/14.1.0/../../../../arm-none-eabi/lib/thumb/v7e-m/nofp/libg.a(libc_a-init.o)
 .debug_info    0x0001bfee       0xf7 /usr/lib/gcc/arm-none-eabi/14.1.0/../../../../arm-none-eabi/lib/thumb/v7e-m/nofp/libg.a(libc_a-fini.o)
 .debug_info    0x0001c0e5      0x218 /usr/lib/gcc/arm-none-eabi/14.1.0/../../../../arm-none-eabi/lib/thumb/v7e-m/nofp/libg.a(libc_a-lock.o)
 .debug_info    0x0001c2fd       0x33 /usr/lib/gcc/arm-none-eabi/14.1.0/../../../../arm-none-eabi/lib/thumb/v7e-m/nofp/libg.a(libc_a-memcpy.o)
 .debug_info    0x0001c330      0x25f /usr/lib/gcc/arm-none-eabi/14.1.0/../../../../arm-none-eabi/lib/thumb/v7e-m/nofp/libg.a(libc_a-__atexit.o)
 .debug_info    0x0001c58f      0x2dd /usr/lib/gcc/arm-none-eabi/14.1.0/../../../../arm-none-eabi/lib/thumb/v7e-m/nofp/libg.a(libc_a-__call_atexit.o)

.debug_abbrev   0x00000000     0x326c
 .debug_abbrev  0x00000000      0x31f CMakeFiles/YTAR.elf.dir/Core/Src/main.c.obj
 .debug_abbrev  0x0000031f      0x2c4 CMakeFiles/YTAR.elf.dir/Core/Src/stm32h7xx_hal_msp.c.obj
 .debug_abbrev  0x000005e3      0x176 CMakeFiles/YTAR.elf.dir/Core/Src/stm32h7xx_it.c.obj
 .debug_abbrev  0x00000759      0x16b CMakeFiles/YTAR.elf.dir/Core/Src/system_stm32h7xx.c.obj
 .debug_abbrev  0x000008c4       0x24 CMakeFiles/YTAR.elf.dir/Core/Startup/startup_stm32h750xbhx.s.obj
 .debug_abbrev  0x000008e8      0x2ba CMakeFiles/YTAR.elf.dir/Drivers/STM32H7xx_HAL_Driver/Src/stm32h7xx_hal.c.obj
 .debug_abbrev  0x00000ba2      0x3ad CMakeFiles/YTAR.elf.dir/Drivers/STM32H7xx_HAL_Driver/Src/stm32h7xx_hal_cortex.c.obj
 .debug_abbrev  0x00000f4f      0x29c CMakeFiles/YTAR.elf.dir/Drivers/STM32H7xx_HAL_Driver/Src/stm32h7xx_hal_dma.c.obj
 .debug_abbrev  0x000011eb      0x2be CMakeFiles/YTAR.elf.dir/Drivers/STM32H7xx_HAL_Driver/Src/stm32h7xx_hal_fdcan.c.obj
 .debug_abbrev  0x000014a9      0x24e CMakeFiles/YTAR.elf.dir/Drivers/STM32H7xx_HAL_Driver/Src/stm32h7xx_hal_gpio.c.obj
 .debug_abbrev  0x000016f7      0x243 CMakeFiles/YTAR.elf.dir/Drivers/STM32H7xx_HAL_Driver/Src/stm32h7xx_hal_ltdc.c.obj
 .debug_abbrev  0x0000193a      0x2c7 CMakeFiles/YTAR.elf.dir/Drivers/STM32H7xx_HAL_Driver/Src/stm32h7xx_hal_pwr_ex.c.obj
 .debug_abbrev  0x00001c01      0x2bc CMakeFiles/YTAR.elf.dir/Drivers/STM32H7xx_HAL_Driver/Src/stm32h7xx_hal_rcc.c.obj
 .debug_abbrev  0x00001ebd      0x291 CMakeFiles/YTAR.elf.dir/Drivers/STM32H7xx_HAL_Driver/Src/stm32h7xx_hal_rcc_ex.c.obj
 .debug_abbrev  0x0000214e      0x227 CMakeFiles/YTAR.elf.dir/Drivers/STM32H7xx_HAL_Driver/Src/stm32h7xx_hal_sdram.c.obj
 .debug_abbrev  0x00002375      0x26f CMakeFiles/YTAR.elf.dir/Drivers/STM32H7xx_HAL_Driver/Src/stm32h7xx_hal_tim.c.obj
 .debug_abbrev  0x000025e4      0x26d CMakeFiles/YTAR.elf.dir/Drivers/STM32H7xx_HAL_Driver/Src/stm32h7xx_hal_tim_ex.c.obj
 .debug_abbrev  0x00002851      0x1c4 CMakeFiles/YTAR.elf.dir/Drivers/STM32H7xx_HAL_Driver/Src/stm32h7xx_ll_fmc.c.obj
 .debug_abbrev  0x00002a15       0x28 /usr/lib/gcc/arm-none-eabi/14.1.0/thumb/v7e-m/nofp/libgcc.a(_arm_addsubsf3.o)
 .debug_abbrev  0x00002a3d       0x28 /usr/lib/gcc/arm-none-eabi/14.1.0/thumb/v7e-m/nofp/libgcc.a(_arm_muldivsf3.o)
 .debug_abbrev  0x00002a65       0x28 /usr/lib/gcc/arm-none-eabi/14.1.0/thumb/v7e-m/nofp/libgcc.a(_arm_fixunssfsi.o)
 .debug_abbrev  0x00002a8d       0xc1 /usr/lib/gcc/arm-none-eabi/14.1.0/../../../../arm-none-eabi/lib/thumb/v7e-m/nofp/libg.a(libc_a-atexit.o)
 .debug_abbrev  0x00002b4e       0xb7 /usr/lib/gcc/arm-none-eabi/14.1.0/../../../../arm-none-eabi/lib/thumb/v7e-m/nofp/libg.a(libc_a-memset.o)
 .debug_abbrev  0x00002c05       0xc9 /usr/lib/gcc/arm-none-eabi/14.1.0/../../../../arm-none-eabi/lib/thumb/v7e-m/nofp/libg.a(libc_a-init.o)
 .debug_abbrev  0x00002cce       0xcc /usr/lib/gcc/arm-none-eabi/14.1.0/../../../../arm-none-eabi/lib/thumb/v7e-m/nofp/libg.a(libc_a-fini.o)
 .debug_abbrev  0x00002d9a      0x115 /usr/lib/gcc/arm-none-eabi/14.1.0/../../../../arm-none-eabi/lib/thumb/v7e-m/nofp/libg.a(libc_a-lock.o)
 .debug_abbrev  0x00002eaf       0x28 /usr/lib/gcc/arm-none-eabi/14.1.0/../../../../arm-none-eabi/lib/thumb/v7e-m/nofp/libg.a(libc_a-memcpy.o)
 .debug_abbrev  0x00002ed7      0x189 /usr/lib/gcc/arm-none-eabi/14.1.0/../../../../arm-none-eabi/lib/thumb/v7e-m/nofp/libg.a(libc_a-__atexit.o)
 .debug_abbrev  0x00003060      0x20c /usr/lib/gcc/arm-none-eabi/14.1.0/../../../../arm-none-eabi/lib/thumb/v7e-m/nofp/libg.a(libc_a-__call_atexit.o)

.debug_aranges  0x00000000     0x1550
 .debug_aranges
                0x00000000       0x60 CMakeFiles/YTAR.elf.dir/Core/Src/main.c.obj
 .debug_aranges
                0x00000060       0x80 CMakeFiles/YTAR.elf.dir/Core/Src/stm32h7xx_hal_msp.c.obj
 .debug_aranges
                0x000000e0       0x68 CMakeFiles/YTAR.elf.dir/Core/Src/stm32h7xx_it.c.obj
 .debug_aranges
                0x00000148       0x28 CMakeFiles/YTAR.elf.dir/Core/Src/system_stm32h7xx.c.obj
 .debug_aranges
                0x00000170       0x28 CMakeFiles/YTAR.elf.dir/Core/Startup/startup_stm32h750xbhx.s.obj
 .debug_aranges
                0x00000198      0x198 CMakeFiles/YTAR.elf.dir/Drivers/STM32H7xx_HAL_Driver/Src/stm32h7xx_hal.c.obj
 .debug_aranges
                0x00000330       0xf8 CMakeFiles/YTAR.elf.dir/Drivers/STM32H7xx_HAL_Driver/Src/stm32h7xx_hal_cortex.c.obj
 .debug_aranges
                0x00000428       0xa0 CMakeFiles/YTAR.elf.dir/Drivers/STM32H7xx_HAL_Driver/Src/stm32h7xx_hal_dma.c.obj
 .debug_aranges
                0x000004c8      0x338 CMakeFiles/YTAR.elf.dir/Drivers/STM32H7xx_HAL_Driver/Src/stm32h7xx_hal_fdcan.c.obj
 .debug_aranges
                0x00000800       0x58 CMakeFiles/YTAR.elf.dir/Drivers/STM32H7xx_HAL_Driver/Src/stm32h7xx_hal_gpio.c.obj
 .debug_aranges
                0x00000858      0x158 CMakeFiles/YTAR.elf.dir/Drivers/STM32H7xx_HAL_Driver/Src/stm32h7xx_hal_ltdc.c.obj
 .debug_aranges
                0x000009b0      0x158 CMakeFiles/YTAR.elf.dir/Drivers/STM32H7xx_HAL_Driver/Src/stm32h7xx_hal_pwr_ex.c.obj
 .debug_aranges
                0x00000b08       0x88 CMakeFiles/YTAR.elf.dir/Drivers/STM32H7xx_HAL_Driver/Src/stm32h7xx_hal_rcc.c.obj
 .debug_aranges
                0x00000b90       0xf8 CMakeFiles/YTAR.elf.dir/Drivers/STM32H7xx_HAL_Driver/Src/stm32h7xx_hal_rcc_ex.c.obj
 .debug_aranges
                0x00000c88       0xe8 CMakeFiles/YTAR.elf.dir/Drivers/STM32H7xx_HAL_Driver/Src/stm32h7xx_hal_sdram.c.obj
 .debug_aranges
                0x00000d70      0x3e0 CMakeFiles/YTAR.elf.dir/Drivers/STM32H7xx_HAL_Driver/Src/stm32h7xx_hal_tim.c.obj
 .debug_aranges
                0x00001150      0x188 CMakeFiles/YTAR.elf.dir/Drivers/STM32H7xx_HAL_Driver/Src/stm32h7xx_hal_tim_ex.c.obj
 .debug_aranges
                0x000012d8       0xc8 CMakeFiles/YTAR.elf.dir/Drivers/STM32H7xx_HAL_Driver/Src/stm32h7xx_ll_fmc.c.obj
 .debug_aranges
                0x000013a0       0x20 /usr/lib/gcc/arm-none-eabi/14.1.0/thumb/v7e-m/nofp/libgcc.a(_arm_addsubsf3.o)
 .debug_aranges
                0x000013c0       0x20 /usr/lib/gcc/arm-none-eabi/14.1.0/thumb/v7e-m/nofp/libgcc.a(_arm_muldivsf3.o)
 .debug_aranges
                0x000013e0       0x20 /usr/lib/gcc/arm-none-eabi/14.1.0/thumb/v7e-m/nofp/libgcc.a(_arm_fixunssfsi.o)
 .debug_aranges
                0x00001400       0x20 /usr/lib/gcc/arm-none-eabi/14.1.0/../../../../arm-none-eabi/lib/thumb/v7e-m/nofp/libg.a(libc_a-atexit.o)
 .debug_aranges
                0x00001420       0x20 /usr/lib/gcc/arm-none-eabi/14.1.0/../../../../arm-none-eabi/lib/thumb/v7e-m/nofp/libg.a(libc_a-memset.o)
 .debug_aranges
                0x00001440       0x20 /usr/lib/gcc/arm-none-eabi/14.1.0/../../../../arm-none-eabi/lib/thumb/v7e-m/nofp/libg.a(libc_a-init.o)
 .debug_aranges
                0x00001460       0x20 /usr/lib/gcc/arm-none-eabi/14.1.0/../../../../arm-none-eabi/lib/thumb/v7e-m/nofp/libg.a(libc_a-fini.o)
 .debug_aranges
                0x00001480       0x68 /usr/lib/gcc/arm-none-eabi/14.1.0/../../../../arm-none-eabi/lib/thumb/v7e-m/nofp/libg.a(libc_a-lock.o)
 .debug_aranges
                0x000014e8       0x20 /usr/lib/gcc/arm-none-eabi/14.1.0/../../../../arm-none-eabi/lib/thumb/v7e-m/nofp/libg.a(libc_a-memcpy.o)
 .debug_aranges
                0x00001508       0x20 /usr/lib/gcc/arm-none-eabi/14.1.0/../../../../arm-none-eabi/lib/thumb/v7e-m/nofp/libg.a(libc_a-__atexit.o)
 .debug_aranges
                0x00001528       0x28 /usr/lib/gcc/arm-none-eabi/14.1.0/../../../../arm-none-eabi/lib/thumb/v7e-m/nofp/libg.a(libc_a-__call_atexit.o)

.debug_rnglists
                0x00000000     0x1079
 .debug_rnglists
                0x00000000       0x46 CMakeFiles/YTAR.elf.dir/Core/Src/main.c.obj
 .debug_rnglists
                0x00000046       0x60 CMakeFiles/YTAR.elf.dir/Core/Src/stm32h7xx_hal_msp.c.obj
 .debug_rnglists
                0x000000a6       0x49 CMakeFiles/YTAR.elf.dir/Core/Src/stm32h7xx_it.c.obj
 .debug_rnglists
                0x000000ef       0x1b CMakeFiles/YTAR.elf.dir/Core/Src/system_stm32h7xx.c.obj
 .debug_rnglists
                0x0000010a       0x19 CMakeFiles/YTAR.elf.dir/Core/Startup/startup_stm32h750xbhx.s.obj
 .debug_rnglists
                0x00000123      0x12f CMakeFiles/YTAR.elf.dir/Drivers/STM32H7xx_HAL_Driver/Src/stm32h7xx_hal.c.obj
 .debug_rnglists
                0x00000252       0xb5 CMakeFiles/YTAR.elf.dir/Drivers/STM32H7xx_HAL_Driver/Src/stm32h7xx_hal_cortex.c.obj
 .debug_rnglists
                0x00000307       0x8c CMakeFiles/YTAR.elf.dir/Drivers/STM32H7xx_HAL_Driver/Src/stm32h7xx_hal_dma.c.obj
 .debug_rnglists
                0x00000393      0x29a CMakeFiles/YTAR.elf.dir/Drivers/STM32H7xx_HAL_Driver/Src/stm32h7xx_hal_fdcan.c.obj
 .debug_rnglists
                0x0000062d       0x3f CMakeFiles/YTAR.elf.dir/Drivers/STM32H7xx_HAL_Driver/Src/stm32h7xx_hal_gpio.c.obj
 .debug_rnglists
                0x0000066c      0x103 CMakeFiles/YTAR.elf.dir/Drivers/STM32H7xx_HAL_Driver/Src/stm32h7xx_hal_ltdc.c.obj
 .debug_rnglists
                0x0000076f      0x133 CMakeFiles/YTAR.elf.dir/Drivers/STM32H7xx_HAL_Driver/Src/stm32h7xx_hal_pwr_ex.c.obj
 .debug_rnglists
                0x000008a2       0xaa CMakeFiles/YTAR.elf.dir/Drivers/STM32H7xx_HAL_Driver/Src/stm32h7xx_hal_rcc.c.obj
 .debug_rnglists
                0x0000094c       0xbf CMakeFiles/YTAR.elf.dir/Drivers/STM32H7xx_HAL_Driver/Src/stm32h7xx_hal_rcc_ex.c.obj
 .debug_rnglists
                0x00000a0b       0xa9 CMakeFiles/YTAR.elf.dir/Drivers/STM32H7xx_HAL_Driver/Src/stm32h7xx_hal_sdram.c.obj
 .debug_rnglists
                0x00000ab4      0x316 CMakeFiles/YTAR.elf.dir/Drivers/STM32H7xx_HAL_Driver/Src/stm32h7xx_hal_tim.c.obj
 .debug_rnglists
                0x00000dca      0x138 CMakeFiles/YTAR.elf.dir/Drivers/STM32H7xx_HAL_Driver/Src/stm32h7xx_hal_tim_ex.c.obj
 .debug_rnglists
                0x00000f02       0x93 CMakeFiles/YTAR.elf.dir/Drivers/STM32H7xx_HAL_Driver/Src/stm32h7xx_ll_fmc.c.obj
 .debug_rnglists
                0x00000f95       0x13 /usr/lib/gcc/arm-none-eabi/14.1.0/../../../../arm-none-eabi/lib/thumb/v7e-m/nofp/libg.a(libc_a-atexit.o)
 .debug_rnglists
                0x00000fa8       0x14 /usr/lib/gcc/arm-none-eabi/14.1.0/../../../../arm-none-eabi/lib/thumb/v7e-m/nofp/libg.a(libc_a-memset.o)
 .debug_rnglists
                0x00000fbc       0x13 /usr/lib/gcc/arm-none-eabi/14.1.0/../../../../arm-none-eabi/lib/thumb/v7e-m/nofp/libg.a(libc_a-init.o)
 .debug_rnglists
                0x00000fcf       0x13 /usr/lib/gcc/arm-none-eabi/14.1.0/../../../../arm-none-eabi/lib/thumb/v7e-m/nofp/libg.a(libc_a-fini.o)
 .debug_rnglists
                0x00000fe2       0x49 /usr/lib/gcc/arm-none-eabi/14.1.0/../../../../arm-none-eabi/lib/thumb/v7e-m/nofp/libg.a(libc_a-lock.o)
 .debug_rnglists
                0x0000102b       0x14 /usr/lib/gcc/arm-none-eabi/14.1.0/../../../../arm-none-eabi/lib/thumb/v7e-m/nofp/libg.a(libc_a-__atexit.o)
 .debug_rnglists
                0x0000103f       0x3a /usr/lib/gcc/arm-none-eabi/14.1.0/../../../../arm-none-eabi/lib/thumb/v7e-m/nofp/libg.a(libc_a-__call_atexit.o)

.debug_line     0x00000000    0x16070
 .debug_line    0x00000000      0xb2a CMakeFiles/YTAR.elf.dir/Core/Src/main.c.obj
 .debug_line    0x00000b2a      0x8e8 CMakeFiles/YTAR.elf.dir/Core/Src/stm32h7xx_hal_msp.c.obj
 .debug_line    0x00001412      0x26e CMakeFiles/YTAR.elf.dir/Core/Src/stm32h7xx_it.c.obj
 .debug_line    0x00001680      0x3ac CMakeFiles/YTAR.elf.dir/Core/Src/system_stm32h7xx.c.obj
 .debug_line    0x00001a2c       0x7a CMakeFiles/YTAR.elf.dir/Core/Startup/startup_stm32h750xbhx.s.obj
 .debug_line    0x00001aa6      0x8ec CMakeFiles/YTAR.elf.dir/Drivers/STM32H7xx_HAL_Driver/Src/stm32h7xx_hal.c.obj
 .debug_line    0x00002392      0x83b CMakeFiles/YTAR.elf.dir/Drivers/STM32H7xx_HAL_Driver/Src/stm32h7xx_hal_cortex.c.obj
 .debug_line    0x00002bcd     0x23e4 CMakeFiles/YTAR.elf.dir/Drivers/STM32H7xx_HAL_Driver/Src/stm32h7xx_hal_dma.c.obj
 .debug_line    0x00004fb1     0x338b CMakeFiles/YTAR.elf.dir/Drivers/STM32H7xx_HAL_Driver/Src/stm32h7xx_hal_fdcan.c.obj
 .debug_line    0x0000833c      0x6fd CMakeFiles/YTAR.elf.dir/Drivers/STM32H7xx_HAL_Driver/Src/stm32h7xx_hal_gpio.c.obj
 .debug_line    0x00008a39     0x129d CMakeFiles/YTAR.elf.dir/Drivers/STM32H7xx_HAL_Driver/Src/stm32h7xx_hal_ltdc.c.obj
 .debug_line    0x00009cd6      0xb24 CMakeFiles/YTAR.elf.dir/Drivers/STM32H7xx_HAL_Driver/Src/stm32h7xx_hal_pwr_ex.c.obj
 .debug_line    0x0000a7fa     0x1384 CMakeFiles/YTAR.elf.dir/Drivers/STM32H7xx_HAL_Driver/Src/stm32h7xx_hal_rcc.c.obj
 .debug_line    0x0000bb7e     0x1f75 CMakeFiles/YTAR.elf.dir/Drivers/STM32H7xx_HAL_Driver/Src/stm32h7xx_hal_rcc_ex.c.obj
 .debug_line    0x0000daf3      0xa24 CMakeFiles/YTAR.elf.dir/Drivers/STM32H7xx_HAL_Driver/Src/stm32h7xx_hal_sdram.c.obj
 .debug_line    0x0000e517     0x4a76 CMakeFiles/YTAR.elf.dir/Drivers/STM32H7xx_HAL_Driver/Src/stm32h7xx_hal_tim.c.obj
 .debug_line    0x00012f8d     0x1c63 CMakeFiles/YTAR.elf.dir/Drivers/STM32H7xx_HAL_Driver/Src/stm32h7xx_hal_tim_ex.c.obj
 .debug_line    0x00014bf0      0x6a6 CMakeFiles/YTAR.elf.dir/Drivers/STM32H7xx_HAL_Driver/Src/stm32h7xx_ll_fmc.c.obj
 .debug_line    0x00015296      0x103 /usr/lib/gcc/arm-none-eabi/14.1.0/thumb/v7e-m/nofp/libgcc.a(_arm_addsubsf3.o)
 .debug_line    0x00015399      0x123 /usr/lib/gcc/arm-none-eabi/14.1.0/thumb/v7e-m/nofp/libgcc.a(_arm_muldivsf3.o)
 .debug_line    0x000154bc       0x5e /usr/lib/gcc/arm-none-eabi/14.1.0/thumb/v7e-m/nofp/libgcc.a(_arm_fixunssfsi.o)
 .debug_line    0x0001551a       0xe4 /usr/lib/gcc/arm-none-eabi/14.1.0/../../../../arm-none-eabi/lib/thumb/v7e-m/nofp/libg.a(libc_a-atexit.o)
 .debug_line    0x000155fe      0x1d7 /usr/lib/gcc/arm-none-eabi/14.1.0/../../../../arm-none-eabi/lib/thumb/v7e-m/nofp/libg.a(libc_a-memset.o)
 .debug_line    0x000157d5      0x134 /usr/lib/gcc/arm-none-eabi/14.1.0/../../../../arm-none-eabi/lib/thumb/v7e-m/nofp/libg.a(libc_a-init.o)
 .debug_line    0x00015909       0xe8 /usr/lib/gcc/arm-none-eabi/14.1.0/../../../../arm-none-eabi/lib/thumb/v7e-m/nofp/libg.a(libc_a-fini.o)
 .debug_line    0x000159f1      0x17d /usr/lib/gcc/arm-none-eabi/14.1.0/../../../../arm-none-eabi/lib/thumb/v7e-m/nofp/libg.a(libc_a-lock.o)
 .debug_line    0x00015b6e       0xb9 /usr/lib/gcc/arm-none-eabi/14.1.0/../../../../arm-none-eabi/lib/thumb/v7e-m/nofp/libg.a(libc_a-memcpy.o)
 .debug_line    0x00015c27      0x196 /usr/lib/gcc/arm-none-eabi/14.1.0/../../../../arm-none-eabi/lib/thumb/v7e-m/nofp/libg.a(libc_a-__atexit.o)
 .debug_line    0x00015dbd      0x2b3 /usr/lib/gcc/arm-none-eabi/14.1.0/../../../../arm-none-eabi/lib/thumb/v7e-m/nofp/libg.a(libc_a-__call_atexit.o)

.debug_str      0x00000000     0x8a0a
 .debug_str     0x00000000     0x8a0a CMakeFiles/YTAR.elf.dir/Core/Src/main.c.obj
                               0x25ec (size before relaxing)
 .debug_str     0x00008a0a     0x1d4b CMakeFiles/YTAR.elf.dir/Core/Src/stm32h7xx_hal_msp.c.obj
 .debug_str     0x00008a0a      0x5a9 CMakeFiles/YTAR.elf.dir/Core/Src/stm32h7xx_it.c.obj
 .debug_str     0x00008a0a      0x677 CMakeFiles/YTAR.elf.dir/Core/Src/system_stm32h7xx.c.obj
 .debug_str     0x00008a0a       0x85 CMakeFiles/YTAR.elf.dir/Core/Startup/startup_stm32h750xbhx.s.obj
 .debug_str     0x00008a0a     0x14d8 CMakeFiles/YTAR.elf.dir/Drivers/STM32H7xx_HAL_Driver/Src/stm32h7xx_hal.c.obj
 .debug_str     0x00008a0a     0x109e CMakeFiles/YTAR.elf.dir/Drivers/STM32H7xx_HAL_Driver/Src/stm32h7xx_hal_cortex.c.obj
 .debug_str     0x00008a0a      0x9da CMakeFiles/YTAR.elf.dir/Drivers/STM32H7xx_HAL_Driver/Src/stm32h7xx_hal_dma.c.obj
 .debug_str     0x00008a0a     0x1dbb CMakeFiles/YTAR.elf.dir/Drivers/STM32H7xx_HAL_Driver/Src/stm32h7xx_hal_fdcan.c.obj
 .debug_str     0x00008a0a      0x6e3 CMakeFiles/YTAR.elf.dir/Drivers/STM32H7xx_HAL_Driver/Src/stm32h7xx_hal_gpio.c.obj
 .debug_str     0x00008a0a      0x9e7 CMakeFiles/YTAR.elf.dir/Drivers/STM32H7xx_HAL_Driver/Src/stm32h7xx_hal_ltdc.c.obj
 .debug_str     0x00008a0a      0xa58 CMakeFiles/YTAR.elf.dir/Drivers/STM32H7xx_HAL_Driver/Src/stm32h7xx_hal_pwr_ex.c.obj
 .debug_str     0x00008a0a      0xa6b CMakeFiles/YTAR.elf.dir/Drivers/STM32H7xx_HAL_Driver/Src/stm32h7xx_hal_rcc.c.obj
 .debug_str     0x00008a0a      0xf76 CMakeFiles/YTAR.elf.dir/Drivers/STM32H7xx_HAL_Driver/Src/stm32h7xx_hal_rcc_ex.c.obj
 .debug_str     0x00008a0a      0xbc3 CMakeFiles/YTAR.elf.dir/Drivers/STM32H7xx_HAL_Driver/Src/stm32h7xx_hal_sdram.c.obj
 .debug_str     0x00008a0a     0x1878 CMakeFiles/YTAR.elf.dir/Drivers/STM32H7xx_HAL_Driver/Src/stm32h7xx_hal_tim.c.obj
 .debug_str     0x00008a0a     0x11a0 CMakeFiles/YTAR.elf.dir/Drivers/STM32H7xx_HAL_Driver/Src/stm32h7xx_hal_tim_ex.c.obj
 .debug_str     0x00008a0a      0x8c8 CMakeFiles/YTAR.elf.dir/Drivers/STM32H7xx_HAL_Driver/Src/stm32h7xx_ll_fmc.c.obj
 .debug_str     0x00008a0a      0x140 /usr/lib/gcc/arm-none-eabi/14.1.0/thumb/v7e-m/nofp/libgcc.a(_arm_addsubsf3.o)
 .debug_str     0x00008a0a       0xcc /usr/lib/gcc/arm-none-eabi/14.1.0/thumb/v7e-m/nofp/libgcc.a(_arm_muldivsf3.o)
 .debug_str     0x00008a0a       0xbb /usr/lib/gcc/arm-none-eabi/14.1.0/thumb/v7e-m/nofp/libgcc.a(_arm_fixunssfsi.o)
 .debug_str     0x00008a0a      0x1f8 /usr/lib/gcc/arm-none-eabi/14.1.0/../../../../arm-none-eabi/lib/thumb/v7e-m/nofp/libg.a(libc_a-atexit.o)
 .debug_str     0x00008a0a      0x1cf /usr/lib/gcc/arm-none-eabi/14.1.0/../../../../arm-none-eabi/lib/thumb/v7e-m/nofp/libg.a(libc_a-memset.o)
 .debug_str     0x00008a0a      0x21c /usr/lib/gcc/arm-none-eabi/14.1.0/../../../../arm-none-eabi/lib/thumb/v7e-m/nofp/libg.a(libc_a-init.o)
 .debug_str     0x00008a0a      0x1f2 /usr/lib/gcc/arm-none-eabi/14.1.0/../../../../arm-none-eabi/lib/thumb/v7e-m/nofp/libg.a(libc_a-fini.o)
 .debug_str     0x00008a0a      0x352 /usr/lib/gcc/arm-none-eabi/14.1.0/../../../../arm-none-eabi/lib/thumb/v7e-m/nofp/libg.a(libc_a-lock.o)
 .debug_str     0x00008a0a       0xb6 /usr/lib/gcc/arm-none-eabi/14.1.0/../../../../arm-none-eabi/lib/thumb/v7e-m/nofp/libg.a(libc_a-memcpy.o)
 .debug_str     0x00008a0a      0x2cf /usr/lib/gcc/arm-none-eabi/14.1.0/../../../../arm-none-eabi/lib/thumb/v7e-m/nofp/libg.a(libc_a-__atexit.o)
 .debug_str     0x00008a0a      0x2f8 /usr/lib/gcc/arm-none-eabi/14.1.0/../../../../arm-none-eabi/lib/thumb/v7e-m/nofp/libg.a(libc_a-__call_atexit.o)

.comment        0x00000000       0x3c
 .comment       0x00000000       0x3c CMakeFiles/YTAR.elf.dir/Core/Src/main.c.obj
                                 0x1f (size before relaxing)
 .comment       0x0000003c       0x1f CMakeFiles/YTAR.elf.dir/Core/Src/stm32h7xx_hal_msp.c.obj
 .comment       0x0000003c       0x1f CMakeFiles/YTAR.elf.dir/Core/Src/stm32h7xx_it.c.obj
 .comment       0x0000003c       0x1f CMakeFiles/YTAR.elf.dir/Core/Src/system_stm32h7xx.c.obj
 .comment       0x0000003c       0x1f CMakeFiles/YTAR.elf.dir/Drivers/STM32H7xx_HAL_Driver/Src/stm32h7xx_hal.c.obj
 .comment       0x0000003c       0x1f CMakeFiles/YTAR.elf.dir/Drivers/STM32H7xx_HAL_Driver/Src/stm32h7xx_hal_cortex.c.obj
 .comment       0x0000003c       0x1f CMakeFiles/YTAR.elf.dir/Drivers/STM32H7xx_HAL_Driver/Src/stm32h7xx_hal_dma.c.obj
 .comment       0x0000003c       0x1f CMakeFiles/YTAR.elf.dir/Drivers/STM32H7xx_HAL_Driver/Src/stm32h7xx_hal_fdcan.c.obj
 .comment       0x0000003c       0x1f CMakeFiles/YTAR.elf.dir/Drivers/STM32H7xx_HAL_Driver/Src/stm32h7xx_hal_gpio.c.obj
 .comment       0x0000003c       0x1f CMakeFiles/YTAR.elf.dir/Drivers/STM32H7xx_HAL_Driver/Src/stm32h7xx_hal_ltdc.c.obj
 .comment       0x0000003c       0x1f CMakeFiles/YTAR.elf.dir/Drivers/STM32H7xx_HAL_Driver/Src/stm32h7xx_hal_pwr_ex.c.obj
 .comment       0x0000003c       0x1f CMakeFiles/YTAR.elf.dir/Drivers/STM32H7xx_HAL_Driver/Src/stm32h7xx_hal_rcc.c.obj
 .comment       0x0000003c       0x1f CMakeFiles/YTAR.elf.dir/Drivers/STM32H7xx_HAL_Driver/Src/stm32h7xx_hal_rcc_ex.c.obj
 .comment       0x0000003c       0x1f CMakeFiles/YTAR.elf.dir/Drivers/STM32H7xx_HAL_Driver/Src/stm32h7xx_hal_sdram.c.obj
 .comment       0x0000003c       0x1f CMakeFiles/YTAR.elf.dir/Drivers/STM32H7xx_HAL_Driver/Src/stm32h7xx_hal_tim.c.obj
 .comment       0x0000003c       0x1f CMakeFiles/YTAR.elf.dir/Drivers/STM32H7xx_HAL_Driver/Src/stm32h7xx_hal_tim_ex.c.obj
 .comment       0x0000003c       0x1f CMakeFiles/YTAR.elf.dir/Drivers/STM32H7xx_HAL_Driver/Src/stm32h7xx_ll_fmc.c.obj
 .comment       0x0000003c       0x1f /usr/lib/gcc/arm-none-eabi/14.1.0/../../../../arm-none-eabi/lib/thumb/v7e-m/nofp/libg.a(libc_a-atexit.o)
 .comment       0x0000003c       0x1f /usr/lib/gcc/arm-none-eabi/14.1.0/../../../../arm-none-eabi/lib/thumb/v7e-m/nofp/libg.a(libc_a-memset.o)
 .comment       0x0000003c       0x1f /usr/lib/gcc/arm-none-eabi/14.1.0/../../../../arm-none-eabi/lib/thumb/v7e-m/nofp/libg.a(libc_a-init.o)
 .comment       0x0000003c       0x1f /usr/lib/gcc/arm-none-eabi/14.1.0/../../../../arm-none-eabi/lib/thumb/v7e-m/nofp/libg.a(libc_a-fini.o)
 .comment       0x0000003c       0x1f /usr/lib/gcc/arm-none-eabi/14.1.0/../../../../arm-none-eabi/lib/thumb/v7e-m/nofp/libg.a(libc_a-lock.o)
 .comment       0x0000003c       0x1f /usr/lib/gcc/arm-none-eabi/14.1.0/../../../../arm-none-eabi/lib/thumb/v7e-m/nofp/libg.a(libc_a-__atexit.o)
 .comment       0x0000003c       0x1f /usr/lib/gcc/arm-none-eabi/14.1.0/../../../../arm-none-eabi/lib/thumb/v7e-m/nofp/libg.a(libc_a-__call_atexit.o)

.debug_frame    0x00000000     0x352c
 .debug_frame   0x00000000      0x124 CMakeFiles/YTAR.elf.dir/Core/Src/main.c.obj
 .debug_frame   0x00000124      0x190 CMakeFiles/YTAR.elf.dir/Core/Src/stm32h7xx_hal_msp.c.obj
 .debug_frame   0x000002b4       0xc0 CMakeFiles/YTAR.elf.dir/Core/Src/stm32h7xx_it.c.obj
 .debug_frame   0x00000374       0x40 CMakeFiles/YTAR.elf.dir/Core/Src/system_stm32h7xx.c.obj
 .debug_frame   0x000003b4      0x360 CMakeFiles/YTAR.elf.dir/Drivers/STM32H7xx_HAL_Driver/Src/stm32h7xx_hal.c.obj
 .debug_frame   0x00000714      0x214 CMakeFiles/YTAR.elf.dir/Drivers/STM32H7xx_HAL_Driver/Src/stm32h7xx_hal_cortex.c.obj
 .debug_frame   0x00000928      0x1fc CMakeFiles/YTAR.elf.dir/Drivers/STM32H7xx_HAL_Driver/Src/stm32h7xx_hal_dma.c.obj
 .debug_frame   0x00000b24      0x794 CMakeFiles/YTAR.elf.dir/Drivers/STM32H7xx_HAL_Driver/Src/stm32h7xx_hal_fdcan.c.obj
 .debug_frame   0x000012b8       0xd0 CMakeFiles/YTAR.elf.dir/Drivers/STM32H7xx_HAL_Driver/Src/stm32h7xx_hal_gpio.c.obj
 .debug_frame   0x00001388      0x3c4 CMakeFiles/YTAR.elf.dir/Drivers/STM32H7xx_HAL_Driver/Src/stm32h7xx_hal_ltdc.c.obj
 .debug_frame   0x0000174c      0x2f4 CMakeFiles/YTAR.elf.dir/Drivers/STM32H7xx_HAL_Driver/Src/stm32h7xx_hal_pwr_ex.c.obj
 .debug_frame   0x00001a40      0x188 CMakeFiles/YTAR.elf.dir/Drivers/STM32H7xx_HAL_Driver/Src/stm32h7xx_hal_rcc.c.obj
 .debug_frame   0x00001bc8      0x284 CMakeFiles/YTAR.elf.dir/Drivers/STM32H7xx_HAL_Driver/Src/stm32h7xx_hal_rcc_ex.c.obj
 .debug_frame   0x00001e4c      0x284 CMakeFiles/YTAR.elf.dir/Drivers/STM32H7xx_HAL_Driver/Src/stm32h7xx_hal_sdram.c.obj
 .debug_frame   0x000020d0      0xb6c CMakeFiles/YTAR.elf.dir/Drivers/STM32H7xx_HAL_Driver/Src/stm32h7xx_hal_tim.c.obj
 .debug_frame   0x00002c3c      0x494 CMakeFiles/YTAR.elf.dir/Drivers/STM32H7xx_HAL_Driver/Src/stm32h7xx_hal_tim_ex.c.obj
 .debug_frame   0x000030d0      0x1c8 CMakeFiles/YTAR.elf.dir/Drivers/STM32H7xx_HAL_Driver/Src/stm32h7xx_ll_fmc.c.obj
 .debug_frame   0x00003298       0x4c /usr/lib/gcc/arm-none-eabi/14.1.0/thumb/v7e-m/nofp/libgcc.a(_arm_addsubsf3.o)
 .debug_frame   0x000032e4       0x38 /usr/lib/gcc/arm-none-eabi/14.1.0/thumb/v7e-m/nofp/libgcc.a(_arm_muldivsf3.o)
 .debug_frame   0x0000331c       0x24 /usr/lib/gcc/arm-none-eabi/14.1.0/thumb/v7e-m/nofp/libgcc.a(_arm_fixunssfsi.o)
 .debug_frame   0x00003340       0x20 /usr/lib/gcc/arm-none-eabi/14.1.0/../../../../arm-none-eabi/lib/thumb/v7e-m/nofp/libg.a(libc_a-atexit.o)
 .debug_frame   0x00003360       0x2c /usr/lib/gcc/arm-none-eabi/14.1.0/../../../../arm-none-eabi/lib/thumb/v7e-m/nofp/libg.a(libc_a-memset.o)
 .debug_frame   0x0000338c       0x2c /usr/lib/gcc/arm-none-eabi/14.1.0/../../../../arm-none-eabi/lib/thumb/v7e-m/nofp/libg.a(libc_a-init.o)
 .debug_frame   0x000033b8       0x34 /usr/lib/gcc/arm-none-eabi/14.1.0/../../../../arm-none-eabi/lib/thumb/v7e-m/nofp/libg.a(libc_a-fini.o)
 .debug_frame   0x000033ec       0xb0 /usr/lib/gcc/arm-none-eabi/14.1.0/../../../../arm-none-eabi/lib/thumb/v7e-m/nofp/libg.a(libc_a-lock.o)
 .debug_frame   0x0000349c       0x34 /usr/lib/gcc/arm-none-eabi/14.1.0/../../../../arm-none-eabi/lib/thumb/v7e-m/nofp/libg.a(libc_a-__atexit.o)
 .debug_frame   0x000034d0       0x5c /usr/lib/gcc/arm-none-eabi/14.1.0/../../../../arm-none-eabi/lib/thumb/v7e-m/nofp/libg.a(libc_a-__call_atexit.o)

.debug_loclists
                0x00000000     0xdd21
 .debug_loclists
                0x00000000      0x1d5 CMakeFiles/YTAR.elf.dir/Core/Src/stm32h7xx_hal_msp.c.obj
 .debug_loclists
                0x000001d5      0x155 CMakeFiles/YTAR.elf.dir/Core/Src/system_stm32h7xx.c.obj
 .debug_loclists
                0x0000032a      0x2df CMakeFiles/YTAR.elf.dir/Drivers/STM32H7xx_HAL_Driver/Src/stm32h7xx_hal.c.obj
 .debug_loclists
                0x00000609      0x50a CMakeFiles/YTAR.elf.dir/Drivers/STM32H7xx_HAL_Driver/Src/stm32h7xx_hal_cortex.c.obj
 .debug_loclists
                0x00000b13      0xa9f CMakeFiles/YTAR.elf.dir/Drivers/STM32H7xx_HAL_Driver/Src/stm32h7xx_hal_dma.c.obj
 .debug_loclists
                0x000015b2     0x275a CMakeFiles/YTAR.elf.dir/Drivers/STM32H7xx_HAL_Driver/Src/stm32h7xx_hal_fdcan.c.obj
 .debug_loclists
                0x00003d0c      0x2a0 CMakeFiles/YTAR.elf.dir/Drivers/STM32H7xx_HAL_Driver/Src/stm32h7xx_hal_gpio.c.obj
 .debug_loclists
                0x00003fac     0x1190 CMakeFiles/YTAR.elf.dir/Drivers/STM32H7xx_HAL_Driver/Src/stm32h7xx_hal_ltdc.c.obj
 .debug_loclists
                0x0000513c      0x340 CMakeFiles/YTAR.elf.dir/Drivers/STM32H7xx_HAL_Driver/Src/stm32h7xx_hal_pwr_ex.c.obj
 .debug_loclists
                0x0000547c      0x68e CMakeFiles/YTAR.elf.dir/Drivers/STM32H7xx_HAL_Driver/Src/stm32h7xx_hal_rcc.c.obj
 .debug_loclists
                0x00005b0a     0x16e3 CMakeFiles/YTAR.elf.dir/Drivers/STM32H7xx_HAL_Driver/Src/stm32h7xx_hal_rcc_ex.c.obj
 .debug_loclists
                0x000071ed      0xa76 CMakeFiles/YTAR.elf.dir/Drivers/STM32H7xx_HAL_Driver/Src/stm32h7xx_hal_sdram.c.obj
 .debug_loclists
                0x00007c63     0x3ca8 CMakeFiles/YTAR.elf.dir/Drivers/STM32H7xx_HAL_Driver/Src/stm32h7xx_hal_tim.c.obj
 .debug_loclists
                0x0000b90b     0x1a08 CMakeFiles/YTAR.elf.dir/Drivers/STM32H7xx_HAL_Driver/Src/stm32h7xx_hal_tim_ex.c.obj
 .debug_loclists
                0x0000d313      0x578 CMakeFiles/YTAR.elf.dir/Drivers/STM32H7xx_HAL_Driver/Src/stm32h7xx_ll_fmc.c.obj
 .debug_loclists
                0x0000d88b       0x30 /usr/lib/gcc/arm-none-eabi/14.1.0/../../../../arm-none-eabi/lib/thumb/v7e-m/nofp/libg.a(libc_a-atexit.o)
 .debug_loclists
                0x0000d8bb      0x1db /usr/lib/gcc/arm-none-eabi/14.1.0/../../../../arm-none-eabi/lib/thumb/v7e-m/nofp/libg.a(libc_a-memset.o)
 .debug_loclists
                0x0000da96       0x6f /usr/lib/gcc/arm-none-eabi/14.1.0/../../../../arm-none-eabi/lib/thumb/v7e-m/nofp/libg.a(libc_a-init.o)
 .debug_loclists
                0x0000db05       0x4c /usr/lib/gcc/arm-none-eabi/14.1.0/../../../../arm-none-eabi/lib/thumb/v7e-m/nofp/libg.a(libc_a-fini.o)
 .debug_loclists
                0x0000db51       0x29 /usr/lib/gcc/arm-none-eabi/14.1.0/../../../../arm-none-eabi/lib/thumb/v7e-m/nofp/libg.a(libc_a-lock.o)
 .debug_loclists
                0x0000db7a       0x8e /usr/lib/gcc/arm-none-eabi/14.1.0/../../../../arm-none-eabi/lib/thumb/v7e-m/nofp/libg.a(libc_a-__atexit.o)
 .debug_loclists
                0x0000dc08      0x119 /usr/lib/gcc/arm-none-eabi/14.1.0/../../../../arm-none-eabi/lib/thumb/v7e-m/nofp/libg.a(libc_a-__call_atexit.o)

.debug_line_str
                0x00000000      0x1a2
 .debug_line_str
                0x00000000      0x1a2 CMakeFiles/YTAR.elf.dir/Core/Startup/startup_stm32h750xbhx.s.obj
                                 0x6b (size before relaxing)
 .debug_line_str
                0x000001a2       0x94 /usr/lib/gcc/arm-none-eabi/14.1.0/thumb/v7e-m/nofp/libgcc.a(_arm_addsubsf3.o)
 .debug_line_str
                0x000001a2       0x94 /usr/lib/gcc/arm-none-eabi/14.1.0/thumb/v7e-m/nofp/libgcc.a(_arm_muldivsf3.o)
 .debug_line_str
                0x000001a2       0x94 /usr/lib/gcc/arm-none-eabi/14.1.0/thumb/v7e-m/nofp/libgcc.a(_arm_fixunssfsi.o)
 .debug_line_str
                0x000001a2       0xa3 /usr/lib/gcc/arm-none-eabi/14.1.0/../../../../arm-none-eabi/lib/thumb/v7e-m/nofp/libg.a(libc_a-memcpy.o)
