Archive member included to satisfy reference by file (symbol)

/usr/lib/gcc/arm-none-eabi/14.1.0/thumb/v7e-m/nofp/libgcc.a(_arm_mulsf3.o)
                              CMakeFiles/YTAR.elf.dir/Core/Src/system_stm32h7xx.c.obj (__aeabi_fmul)
/usr/lib/gcc/arm-none-eabi/14.1.0/thumb/v7e-m/nofp/libgcc.a(_arm_addsubsf3.o)
                              CMakeFiles/YTAR.elf.dir/Core/Src/system_stm32h7xx.c.obj (__aeabi_fadd)
/usr/lib/gcc/arm-none-eabi/14.1.0/thumb/v7e-m/nofp/libgcc.a(_arm_muldivsf3.o)
                              CMakeFiles/YTAR.elf.dir/Core/Src/system_stm32h7xx.c.obj (__aeabi_fdiv)
/usr/lib/gcc/arm-none-eabi/14.1.0/thumb/v7e-m/nofp/libgcc.a(_arm_fixunssfsi.o)
                              CMakeFiles/YTAR.elf.dir/Core/Src/system_stm32h7xx.c.obj (__aeabi_f2uiz)
/usr/lib/gcc/arm-none-eabi/14.1.0/../../../../arm-none-eabi/lib/thumb/v7e-m/nofp/libc.a(libc_a-atexit.o)
                              /usr/lib/gcc/arm-none-eabi/14.1.0/../../../../arm-none-eabi/lib/thumb/v7e-m/nofp/crt0.o (atexit)
/usr/lib/gcc/arm-none-eabi/14.1.0/../../../../arm-none-eabi/lib/thumb/v7e-m/nofp/libc.a(libc_a-exit.o)
                              /usr/lib/gcc/arm-none-eabi/14.1.0/../../../../arm-none-eabi/lib/thumb/v7e-m/nofp/crt0.o (exit)
/usr/lib/gcc/arm-none-eabi/14.1.0/../../../../arm-none-eabi/lib/thumb/v7e-m/nofp/libc.a(libc_a-findfp.o)
                              /usr/lib/gcc/arm-none-eabi/14.1.0/../../../../arm-none-eabi/lib/thumb/v7e-m/nofp/libc.a(libc_a-exit.o) (__stdio_exit_handler)
/usr/lib/gcc/arm-none-eabi/14.1.0/../../../../arm-none-eabi/lib/thumb/v7e-m/nofp/libc.a(libc_a-fwalk.o)
                              /usr/lib/gcc/arm-none-eabi/14.1.0/../../../../arm-none-eabi/lib/thumb/v7e-m/nofp/libc.a(libc_a-findfp.o) (_fwalk_sglue)
/usr/lib/gcc/arm-none-eabi/14.1.0/../../../../arm-none-eabi/lib/thumb/v7e-m/nofp/libc.a(libc_a-stdio.o)
                              /usr/lib/gcc/arm-none-eabi/14.1.0/../../../../arm-none-eabi/lib/thumb/v7e-m/nofp/libc.a(libc_a-findfp.o) (__sread)
/usr/lib/gcc/arm-none-eabi/14.1.0/../../../../arm-none-eabi/lib/thumb/v7e-m/nofp/libc.a(libc_a-memset.o)
                              /usr/lib/gcc/arm-none-eabi/14.1.0/../../../../arm-none-eabi/lib/thumb/v7e-m/nofp/crt0.o (memset)
/usr/lib/gcc/arm-none-eabi/14.1.0/../../../../arm-none-eabi/lib/thumb/v7e-m/nofp/libc.a(libc_a-closer.o)
                              /usr/lib/gcc/arm-none-eabi/14.1.0/../../../../arm-none-eabi/lib/thumb/v7e-m/nofp/libc.a(libc_a-stdio.o) (_close_r)
/usr/lib/gcc/arm-none-eabi/14.1.0/../../../../arm-none-eabi/lib/thumb/v7e-m/nofp/libc.a(libc_a-reent.o)
                              /usr/lib/gcc/arm-none-eabi/14.1.0/../../../../arm-none-eabi/lib/thumb/v7e-m/nofp/libc.a(libc_a-closer.o) (errno)
/usr/lib/gcc/arm-none-eabi/14.1.0/../../../../arm-none-eabi/lib/thumb/v7e-m/nofp/libc.a(libc_a-impure.o)
                              /usr/lib/gcc/arm-none-eabi/14.1.0/../../../../arm-none-eabi/lib/thumb/v7e-m/nofp/libc.a(libc_a-reent.o) (_impure_ptr)
/usr/lib/gcc/arm-none-eabi/14.1.0/../../../../arm-none-eabi/lib/thumb/v7e-m/nofp/libc.a(libc_a-lseekr.o)
                              /usr/lib/gcc/arm-none-eabi/14.1.0/../../../../arm-none-eabi/lib/thumb/v7e-m/nofp/libc.a(libc_a-stdio.o) (_lseek_r)
/usr/lib/gcc/arm-none-eabi/14.1.0/../../../../arm-none-eabi/lib/thumb/v7e-m/nofp/libc.a(libc_a-readr.o)
                              /usr/lib/gcc/arm-none-eabi/14.1.0/../../../../arm-none-eabi/lib/thumb/v7e-m/nofp/libc.a(libc_a-stdio.o) (_read_r)
/usr/lib/gcc/arm-none-eabi/14.1.0/../../../../arm-none-eabi/lib/thumb/v7e-m/nofp/libc.a(libc_a-writer.o)
                              /usr/lib/gcc/arm-none-eabi/14.1.0/../../../../arm-none-eabi/lib/thumb/v7e-m/nofp/libc.a(libc_a-stdio.o) (_write_r)
/usr/lib/gcc/arm-none-eabi/14.1.0/../../../../arm-none-eabi/lib/thumb/v7e-m/nofp/libc.a(libc_a-errno.o)
                              CMakeFiles/YTAR.elf.dir/Core/Src/syscalls.c.obj (__errno)
/usr/lib/gcc/arm-none-eabi/14.1.0/../../../../arm-none-eabi/lib/thumb/v7e-m/nofp/libc.a(libc_a-init.o)
                              /usr/lib/gcc/arm-none-eabi/14.1.0/../../../../arm-none-eabi/lib/thumb/v7e-m/nofp/crt0.o (__libc_init_array)
/usr/lib/gcc/arm-none-eabi/14.1.0/../../../../arm-none-eabi/lib/thumb/v7e-m/nofp/libc.a(libc_a-fini.o)
                              /usr/lib/gcc/arm-none-eabi/14.1.0/../../../../arm-none-eabi/lib/thumb/v7e-m/nofp/crt0.o (__libc_fini_array)
/usr/lib/gcc/arm-none-eabi/14.1.0/../../../../arm-none-eabi/lib/thumb/v7e-m/nofp/libc.a(libc_a-lock.o)
                              /usr/lib/gcc/arm-none-eabi/14.1.0/../../../../arm-none-eabi/lib/thumb/v7e-m/nofp/libc.a(libc_a-findfp.o) (__retarget_lock_init_recursive)
/usr/lib/gcc/arm-none-eabi/14.1.0/../../../../arm-none-eabi/lib/thumb/v7e-m/nofp/libc.a(libc_a-memcpy.o)
                              CMakeFiles/YTAR.elf.dir/Drivers/STM32H7xx_HAL_Driver/Src/stm32h7xx_hal_fdcan.c.obj (memcpy)
[...]
Memory Configuration

Name             Origin             Length             Attributes
FLASH            0x08000000         0x00020000         xr
DTCMRAM          0x20000000         0x00020000         xrw
RAM_D1           0x24000000         0x00080000         xrw
RAM_D2           0x30000000         0x00048000         xrw
RAM_D3           0x38000000         0x00010000         xrw
ITCMRAM          0x00000000         0x00010000         xrw
*default*        0x00000000         0xffffffff

Linker script and memory map

LOAD /usr/lib/gcc/arm-none-eabi/14.1.0/thumb/v7e-m/nofp/crti.o
LOAD /usr/lib/gcc/arm-none-eabi/14.1.0/thumb/v7e-m/nofp/crtbegin.o
LOAD /usr/lib/gcc/arm-none-eabi/14.1.0/../../../../arm-none-eabi/lib/thumb/v7e-m/nofp/crt0.o
LOAD CMakeFiles/YTAR.elf.dir/Core/Src/main.c.obj
LOAD CMakeFiles/YTAR.elf.dir/Core/Src/stm32h7xx_hal_msp.c.obj
LOAD CMakeFiles/YTAR.elf.dir/Core/Src/stm32h7xx_it.c.obj
LOAD CMakeFiles/YTAR.elf.dir/Core/Src/syscalls.c.obj
LOAD CMakeFiles/YTAR.elf.dir/Core/Src/sysmem.c.obj
LOAD CMakeFiles/YTAR.elf.dir/Core/Src/system_stm32h7xx.c.obj
LOAD CMakeFiles/YTAR.elf.dir/Core/Startup/startup_stm32h750xbhx.s.obj
LOAD CMakeFiles/YTAR.elf.dir/Drivers/STM32H7xx_HAL_Driver/Src/stm32h7xx_hal.c.obj
LOAD CMakeFiles/YTAR.elf.dir/Drivers/STM32H7xx_HAL_Driver/Src/stm32h7xx_hal_cortex.c.obj
LOAD CMakeFiles/YTAR.elf.dir/Drivers/STM32H7xx_HAL_Driver/Src/stm32h7xx_hal_dma.c.obj
LOAD CMakeFiles/YTAR.elf.dir/Drivers/STM32H7xx_HAL_Driver/Src/stm32h7xx_hal_dma_ex.c.obj
LOAD CMakeFiles/YTAR.elf.dir/Drivers/STM32H7xx_HAL_Driver/Src/stm32h7xx_hal_exti.c.obj
LOAD CMakeFiles/YTAR.elf.dir/Drivers/STM32H7xx_HAL_Driver/Src/stm32h7xx_hal_fdcan.c.obj
LOAD CMakeFiles/YTAR.elf.dir/Drivers/STM32H7xx_HAL_Driver/Src/stm32h7xx_hal_flash.c.obj
LOAD CMakeFiles/YTAR.elf.dir/Drivers/STM32H7xx_HAL_Driver/Src/stm32h7xx_hal_flash_ex.c.obj
LOAD CMakeFiles/YTAR.elf.dir/Drivers/STM32H7xx_HAL_Driver/Src/stm32h7xx_hal_gpio.c.obj
LOAD CMakeFiles/YTAR.elf.dir/Drivers/STM32H7xx_HAL_Driver/Src/stm32h7xx_hal_hsem.c.obj
LOAD CMakeFiles/YTAR.elf.dir/Drivers/STM32H7xx_HAL_Driver/Src/stm32h7xx_hal_i2c.c.obj
LOAD CMakeFiles/YTAR.elf.dir/Drivers/STM32H7xx_HAL_Driver/Src/stm32h7xx_hal_i2c_ex.c.obj
LOAD CMakeFiles/YTAR.elf.dir/Drivers/STM32H7xx_HAL_Driver/Src/stm32h7xx_hal_ltdc.c.obj
LOAD CMakeFiles/YTAR.elf.dir/Drivers/STM32H7xx_HAL_Driver/Src/stm32h7xx_hal_ltdc_ex.c.obj
LOAD CMakeFiles/YTAR.elf.dir/Drivers/STM32H7xx_HAL_Driver/Src/stm32h7xx_hal_mdma.c.obj
LOAD CMakeFiles/YTAR.elf.dir/Drivers/STM32H7xx_HAL_Driver/Src/stm32h7xx_hal_pwr.c.obj
LOAD CMakeFiles/YTAR.elf.dir/Drivers/STM32H7xx_HAL_Driver/Src/stm32h7xx_hal_pwr_ex.c.obj
LOAD CMakeFiles/YTAR.elf.dir/Drivers/STM32H7xx_HAL_Driver/Src/stm32h7xx_hal_rcc.c.obj
LOAD CMakeFiles/YTAR.elf.dir/Drivers/STM32H7xx_HAL_Driver/Src/stm32h7xx_hal_rcc_ex.c.obj
LOAD CMakeFiles/YTAR.elf.dir/Drivers/STM32H7xx_HAL_Driver/Src/stm32h7xx_hal_sd.c.obj
LOAD CMakeFiles/YTAR.elf.dir/Drivers/STM32H7xx_HAL_Driver/Src/stm32h7xx_hal_sd_ex.c.obj
LOAD CMakeFiles/YTAR.elf.dir/Drivers/STM32H7xx_HAL_Driver/Src/stm32h7xx_hal_sdram.c.obj
LOAD CMakeFiles/YTAR.elf.dir/Drivers/STM32H7xx_HAL_Driver/Src/stm32h7xx_hal_tim.c.obj
LOAD CMakeFiles/YTAR.elf.dir/Drivers/STM32H7xx_HAL_Driver/Src/stm32h7xx_hal_tim_ex.c.obj
LOAD CMakeFiles/YTAR.elf.dir/Drivers/STM32H7xx_HAL_Driver/Src/stm32h7xx_ll_delayblock.c.obj
LOAD CMakeFiles/YTAR.elf.dir/Drivers/STM32H7xx_HAL_Driver/Src/stm32h7xx_ll_dma.c.obj
LOAD CMakeFiles/YTAR.elf.dir/Drivers/STM32H7xx_HAL_Driver/Src/stm32h7xx_ll_exti.c.obj
LOAD CMakeFiles/YTAR.elf.dir/Drivers/STM32H7xx_HAL_Driver/Src/stm32h7xx_ll_fmc.c.obj
LOAD CMakeFiles/YTAR.elf.dir/Drivers/STM32H7xx_HAL_Driver/Src/stm32h7xx_ll_gpio.c.obj
LOAD CMakeFiles/YTAR.elf.dir/Drivers/STM32H7xx_HAL_Driver/Src/stm32h7xx_ll_rcc.c.obj
LOAD CMakeFiles/YTAR.elf.dir/Drivers/STM32H7xx_HAL_Driver/Src/stm32h7xx_ll_sdmmc.c.obj
LOAD CMakeFiles/YTAR.elf.dir/Drivers/STM32H7xx_HAL_Driver/Src/stm32h7xx_ll_tim.c.obj
LOAD CMakeFiles/YTAR.elf.dir/Drivers/STM32H7xx_HAL_Driver/Src/stm32h7xx_ll_utils.c.obj
START GROUP
LOAD /usr/lib/gcc/arm-none-eabi/14.1.0/thumb/v7e-m/nofp/libgcc.a
LOAD /usr/lib/gcc/arm-none-eabi/14.1.0/../../../../arm-none-eabi/lib/thumb/v7e-m/nofp/libc.a
END GROUP
LOAD /usr/lib/gcc/arm-none-eabi/14.1.0/thumb/v7e-m/nofp/crtend.o
LOAD /usr/lib/gcc/arm-none-eabi/14.1.0/thumb/v7e-m/nofp/crtn.o
                0x24080000                        _estack = (ORIGIN (RAM_D1) + LENGTH (RAM_D1))
                0x00000200                        _Min_Heap_Size = 0x200
                0x00000400                        _Min_Stack_Size = 0x400

.isr_vector     0x08000000      0x298
                0x08000000                        . = ALIGN (0x4)
 *(.isr_vector)
 .isr_vector    0x08000000      0x298 CMakeFiles/YTAR.elf.dir/Core/Startup/startup_stm32h750xbhx.s.obj
                0x08000000                g_pfnVectors
                0x08000298                        . = ALIGN (0x4)

.text           0x08000298     0x4e80
                0x08000298                        . = ALIGN (0x4)
 *(.text)
 .text          0x08000298      0x21c /usr/lib/gcc/arm-none-eabi/14.1.0/thumb/v7e-m/nofp/libgcc.a(_arm_addsubsf3.o)
                0x08000298                __aeabi_frsub
                0x080002a0                __subsf3
                0x080002a0                __aeabi_fsub
                0x080002a4                __aeabi_fadd
                0x080002a4                __addsf3
                0x08000404                __aeabi_ui2f
                0x08000404                __floatunsisf
                0x0800040c                __aeabi_i2f
                0x0800040c                __floatsisf
                0x08000428                __floatundisf
                0x08000428                __aeabi_ul2f
                0x08000438                __floatdisf
                0x08000438                __aeabi_l2f
 .text          0x080004b4      0x2a0 /usr/lib/gcc/arm-none-eabi/14.1.0/thumb/v7e-m/nofp/libgcc.a(_arm_muldivsf3.o)
                0x080004b4                __mulsf3
                0x080004b4                __aeabi_fmul
                0x0800061c                __divsf3
                0x0800061c                __aeabi_fdiv
 .text          0x08000754       0x40 /usr/lib/gcc/arm-none-eabi/14.1.0/thumb/v7e-m/nofp/libgcc.a(_arm_fixunssfsi.o)
                0x08000754                __aeabi_f2uiz
                0x08000754                __fixunssfsi
 .text          0x08000794      0x134 /usr/lib/gcc/arm-none-eabi/14.1.0/../../../../arm-none-eabi/lib/thumb/v7e-m/nofp/libc.a(libc_a-memcpy.o)
                0x08000794                memcpy
 *(.text*)
 .text.__do_global_dtors_aux
                0x080008c8       0x24 /usr/lib/gcc/arm-none-eabi/14.1.0/thumb/v7e-m/nofp/crtbegin.o
 .text.frame_dummy
                0x080008ec       0x1c /usr/lib/gcc/arm-none-eabi/14.1.0/thumb/v7e-m/nofp/crtbegin.o
 .text.MX_LTDC_Init
                0x08000908       0xb4 CMakeFiles/YTAR.elf.dir/Core/Src/main.c.obj
 .text.HAL_FDCAN_RxFifo0Callback
                0x080009bc       0x58 CMakeFiles/YTAR.elf.dir/Core/Src/main.c.obj
                0x080009bc                HAL_FDCAN_RxFifo0Callback
 .text.md5      0x08000a14      0x148 CMakeFiles/YTAR.elf.dir/Core/Src/main.c.obj
                0x08000a14                md5
 .text.autoliv_sk
                0x08000b5c      0x11c CMakeFiles/YTAR.elf.dir/Core/Src/main.c.obj
                0x08000b5c                autoliv_sk
 .text.odblokuj
                0x08000c78      0x254 CMakeFiles/YTAR.elf.dir/Core/Src/main.c.obj
                0x08000c78                odblokuj
 .text.przeslona
                0x08000ecc       0xb0 CMakeFiles/YTAR.elf.dir/Core/Src/main.c.obj
                0x08000ecc                przeslona
 .text.SystemClock_Config
                0x08000f7c      0x108 CMakeFiles/YTAR.elf.dir/Core/Src/main.c.obj
                0x08000f7c                SystemClock_Config
 .text.PeriphCommonClock_Config
                0x08001084       0x48 CMakeFiles/YTAR.elf.dir/Core/Src/main.c.obj
                0x08001084                PeriphCommonClock_Config
 .text.startup.main
                0x080010cc      0x6d8 CMakeFiles/YTAR.elf.dir/Core/Src/main.c.obj
                0x080010cc                main
 .text.Error_Handler
                0x080017a4        0x4 CMakeFiles/YTAR.elf.dir/Core/Src/main.c.obj
                0x080017a4                Error_Handler
 .text.HAL_MspInit
                0x080017a8       0x24 CMakeFiles/YTAR.elf.dir/Core/Src/stm32h7xx_hal_msp.c.obj
                0x080017a8                HAL_MspInit
 .text.HAL_FDCAN_MspInit
                0x080017cc       0x88 CMakeFiles/YTAR.elf.dir/Core/Src/stm32h7xx_hal_msp.c.obj
                0x080017cc                HAL_FDCAN_MspInit
 .text.HAL_LTDC_MspInit
                0x08001854      0x160 CMakeFiles/YTAR.elf.dir/Core/Src/stm32h7xx_hal_msp.c.obj
                0x08001854                HAL_LTDC_MspInit
 .text.HAL_SDRAM_MspInit
                0x080019b4       0xc0 CMakeFiles/YTAR.elf.dir/Core/Src/stm32h7xx_hal_msp.c.obj
                0x080019b4                HAL_SDRAM_MspInit
 .text.NMI_Handler
                0x08001a74        0x4 CMakeFiles/YTAR.elf.dir/Core/Src/stm32h7xx_it.c.obj
                0x08001a74                NMI_Handler
 .text.HardFault_Handler
                0x08001a78        0x4 CMakeFiles/YTAR.elf.dir/Core/Src/stm32h7xx_it.c.obj
                0x08001a78                HardFault_Handler
 .text.MemManage_Handler
                0x08001a7c        0x4 CMakeFiles/YTAR.elf.dir/Core/Src/stm32h7xx_it.c.obj
                0x08001a7c                MemManage_Handler
 .text.BusFault_Handler
                0x08001a80        0x4 CMakeFiles/YTAR.elf.dir/Core/Src/stm32h7xx_it.c.obj
                0x08001a80                BusFault_Handler
 .text.UsageFault_Handler
                0x08001a84        0x4 CMakeFiles/YTAR.elf.dir/Core/Src/stm32h7xx_it.c.obj
                0x08001a84                UsageFault_Handler
 .text.SVC_Handler
                0x08001a88        0x4 CMakeFiles/YTAR.elf.dir/Core/Src/stm32h7xx_it.c.obj
                0x08001a88                SVC_Handler
 .text.DebugMon_Handler
                0x08001a8c        0x4 CMakeFiles/YTAR.elf.dir/Core/Src/stm32h7xx_it.c.obj
                0x08001a8c                DebugMon_Handler
 .text.PendSV_Handler
                0x08001a90        0x4 CMakeFiles/YTAR.elf.dir/Core/Src/stm32h7xx_it.c.obj
                0x08001a90                PendSV_Handler
 .text.SysTick_Handler
                0x08001a94        0x4 CMakeFiles/YTAR.elf.dir/Core/Src/stm32h7xx_it.c.obj
                0x08001a94                SysTick_Handler
 .text.DMA1_Stream0_IRQHandler
                0x08001a98        0xc CMakeFiles/YTAR.elf.dir/Core/Src/stm32h7xx_it.c.obj
                0x08001a98                DMA1_Stream0_IRQHandler
 .text.FDCAN1_IT0_IRQHandler
                0x08001aa4        0xc CMakeFiles/YTAR.elf.dir/Core/Src/stm32h7xx_it.c.obj
                0x08001aa4                FDCAN1_IT0_IRQHandler
 .text.EXTI15_10_IRQHandler
                0x08001ab0       0xb8 CMakeFiles/YTAR.elf.dir/Core/Src/stm32h7xx_it.c.obj
                0x08001ab0                EXTI15_10_IRQHandler
 .text.LTDC_IRQHandler
                0x08001b68        0xc CMakeFiles/YTAR.elf.dir/Core/Src/stm32h7xx_it.c.obj
                0x08001b68                LTDC_IRQHandler
 .text.SystemInit
                0x08001b74       0xb4 CMakeFiles/YTAR.elf.dir/Core/Src/system_stm32h7xx.c.obj
                0x08001b74                SystemInit
 .text.Reset_Handler
                0x08001c28       0x50 CMakeFiles/YTAR.elf.dir/Core/Startup/startup_stm32h750xbhx.s.obj
                0x08001c28                Reset_Handler
 .text.Default_Handler
                0x08001c78        0x2 CMakeFiles/YTAR.elf.dir/Core/Startup/startup_stm32h750xbhx.s.obj
                0x08001c78                RTC_Alarm_IRQHandler
                0x08001c78                HASH_RNG_IRQHandler
                0x08001c78                EXTI2_IRQHandler
                0x08001c78                TIM8_CC_IRQHandler
                0x08001c78                HRTIM1_Master_IRQHandler
                0x08001c78                UART8_IRQHandler
                0x08001c78                SPI4_IRQHandler
                0x08001c78                TIM1_CC_IRQHandler
                0x08001c78                BDMA_Channel6_IRQHandler
                0x08001c78                DMA2_Stream5_IRQHandler
                0x08001c78                HRTIM1_FLT_IRQHandler
                0x08001c78                JPEG_IRQHandler
                0x08001c78                DMA1_Stream5_IRQHandler
                0x08001c78                BDMA_Channel1_IRQHandler
                0x08001c78                HRTIM1_TIMD_IRQHandler
                0x08001c78                TAMP_STAMP_IRQHandler
                0x08001c78                EXTI3_IRQHandler
                0x08001c78                LPTIM4_IRQHandler
                0x08001c78                TIM8_TRG_COM_TIM14_IRQHandler
                0x08001c78                LPTIM2_IRQHandler
                0x08001c78                DFSDM1_FLT1_IRQHandler
                0x08001c78                DMAMUX2_OVR_IRQHandler
                0x08001c78                TIM8_UP_TIM13_IRQHandler
                0x08001c78                I2C3_ER_IRQHandler
                0x08001c78                DFSDM1_FLT2_IRQHandler
                0x08001c78                MDMA_IRQHandler
                0x08001c78                LPTIM3_IRQHandler
                0x08001c78                HSEM1_IRQHandler
                0x08001c78                EXTI0_IRQHandler
                0x08001c78                I2C2_EV_IRQHandler
                0x08001c78                DMA1_Stream2_IRQHandler
                0x08001c78                FPU_IRQHandler
                0x08001c78                OTG_HS_WKUP_IRQHandler
                0x08001c78                FDCAN1_IT1_IRQHandler
                0x08001c78                LTDC_ER_IRQHandler
                0x08001c78                DMA2_Stream2_IRQHandler
                0x08001c78                HRTIM1_TIME_IRQHandler
                0x08001c78                SPI1_IRQHandler
                0x08001c78                TIM6_DAC_IRQHandler
                0x08001c78                DCMI_IRQHandler
                0x08001c78                HRTIM1_TIMC_IRQHandler
                0x08001c78                DMA2_Stream3_IRQHandler
                0x08001c78                SAI2_IRQHandler
                0x08001c78                DFSDM1_FLT3_IRQHandler
                0x08001c78                USART6_IRQHandler
                0x08001c78                TIM17_IRQHandler
                0x08001c78                USART3_IRQHandler
                0x08001c78                BDMA_Channel7_IRQHandler
                0x08001c78                CRYP_IRQHandler
                0x08001c78                LPTIM5_IRQHandler
                0x08001c78                UART5_IRQHandler
                0x08001c78                ADC3_IRQHandler
                0x08001c78                DMA2_Stream0_IRQHandler
                0x08001c78                TIM4_IRQHandler
                0x08001c78                BDMA_Channel2_IRQHandler
                0x08001c78                QUADSPI_IRQHandler
                0x08001c78                I2C1_EV_IRQHandler
                0x08001c78                DMA1_Stream6_IRQHandler
                0x08001c78                DMAMUX1_OVR_IRQHandler
                0x08001c78                DMA1_Stream1_IRQHandler
                0x08001c78                TIM16_IRQHandler
                0x08001c78                UART4_IRQHandler
                0x08001c78                BDMA_Channel5_IRQHandler
                0x08001c78                TIM3_IRQHandler
                0x08001c78                RCC_IRQHandler
                0x08001c78                TIM8_BRK_TIM12_IRQHandler
                0x08001c78                TIM1_TRG_COM_IRQHandler
                0x08001c78                Default_Handler
                0x08001c78                ECC_IRQHandler
                0x08001c78                CEC_IRQHandler
                0x08001c78                BDMA_Channel0_IRQHandler
                0x08001c78                ADC_IRQHandler
                0x08001c78                DMA1_Stream7_IRQHandler
                0x08001c78                HRTIM1_TIMA_IRQHandler
                0x08001c78                SPI5_IRQHandler
                0x08001c78                TIM7_IRQHandler
                0x08001c78                SDMMC1_IRQHandler
                0x08001c78                TIM5_IRQHandler
                0x08001c78                DMA2_Stream7_IRQHandler
                0x08001c78                TIM15_IRQHandler
                0x08001c78                PVD_AVD_IRQHandler
                0x08001c78                I2C3_EV_IRQHandler
                0x08001c78                EXTI9_5_IRQHandler
                0x08001c78                RTC_WKUP_IRQHandler
                0x08001c78                SAI3_IRQHandler
                0x08001c78                ETH_WKUP_IRQHandler
                0x08001c78                SPDIF_RX_IRQHandler
                0x08001c78                SPI2_IRQHandler
                0x08001c78                OTG_HS_EP1_IN_IRQHandler
                0x08001c78                CRS_IRQHandler
                0x08001c78                EXTI4_IRQHandler
                0x08001c78                HRTIM1_TIMB_IRQHandler
                0x08001c78                FDCAN2_IT1_IRQHandler
                0x08001c78                ETH_IRQHandler
                0x08001c78                TIM1_UP_IRQHandler
                0x08001c78                BDMA_Channel4_IRQHandler
                0x08001c78                OTG_HS_EP1_OUT_IRQHandler
                0x08001c78                WWDG_IRQHandler
                0x08001c78                SPI6_IRQHandler
                0x08001c78                MDIOS_IRQHandler
                0x08001c78                I2C4_EV_IRQHandler
                0x08001c78                FDCAN2_IT0_IRQHandler
                0x08001c78                LPUART1_IRQHandler
                0x08001c78                TIM2_IRQHandler
                0x08001c78                OTG_FS_WKUP_IRQHandler
                0x08001c78                OTG_HS_IRQHandler
                0x08001c78                DMA2D_IRQHandler
                0x08001c78                TIM1_BRK_IRQHandler
                0x08001c78                EXTI1_IRQHandler
                0x08001c78                SDMMC2_IRQHandler
                0x08001c78                OTG_FS_EP1_OUT_IRQHandler
                0x08001c78                BDMA_Channel3_IRQHandler
                0x08001c78                UART7_IRQHandler
                0x08001c78                MDIOS_WKUP_IRQHandler
                0x08001c78                USART2_IRQHandler
                0x08001c78                DFSDM1_FLT0_IRQHandler
                0x08001c78                SAI4_IRQHandler
                0x08001c78                I2C2_ER_IRQHandler
                0x08001c78                DMA2_Stream1_IRQHandler
                0x08001c78                FLASH_IRQHandler
                0x08001c78                DMA2_Stream4_IRQHandler
                0x08001c78                USART1_IRQHandler
                0x08001c78                OTG_FS_IRQHandler
                0x08001c78                SPI3_IRQHandler
                0x08001c78                WAKEUP_PIN_IRQHandler
                0x08001c78                DMA1_Stream4_IRQHandler
                0x08001c78                OTG_FS_EP1_IN_IRQHandler
                0x08001c78                I2C1_ER_IRQHandler
                0x08001c78                FMC_IRQHandler
                0x08001c78                FDCAN_CAL_IRQHandler
                0x08001c78                SWPMI1_IRQHandler
                0x08001c78                COMP1_IRQHandler
                0x08001c78                LPTIM1_IRQHandler
                0x08001c78                I2C4_ER_IRQHandler
                0x08001c78                DMA2_Stream6_IRQHandler
                0x08001c78                SAI1_IRQHandler
                0x08001c78                DMA1_Stream3_IRQHandler
 *fill*         0x08001c7a        0x2 
 .text.HAL_InitTick
                0x08001c7c       0x4c CMakeFiles/YTAR.elf.dir/Drivers/STM32H7xx_HAL_Driver/Src/stm32h7xx_hal.c.obj
                0x08001c7c                HAL_InitTick
 .text.HAL_Init
                0x08001cc8       0x60 CMakeFiles/YTAR.elf.dir/Drivers/STM32H7xx_HAL_Driver/Src/stm32h7xx_hal.c.obj
                0x08001cc8                HAL_Init
 .text.HAL_IncTick
                0x08001d28       0x18 CMakeFiles/YTAR.elf.dir/Drivers/STM32H7xx_HAL_Driver/Src/stm32h7xx_hal.c.obj
                0x08001d28                HAL_IncTick
 .text.HAL_GetTick
                0x08001d40        0xc CMakeFiles/YTAR.elf.dir/Drivers/STM32H7xx_HAL_Driver/Src/stm32h7xx_hal.c.obj
                0x08001d40                HAL_GetTick
 .text.HAL_Delay
                0x08001d4c       0x24 CMakeFiles/YTAR.elf.dir/Drivers/STM32H7xx_HAL_Driver/Src/stm32h7xx_hal.c.obj
                0x08001d4c                HAL_Delay
 .text.HAL_GetREVID
                0x08001d70        0xc CMakeFiles/YTAR.elf.dir/Drivers/STM32H7xx_HAL_Driver/Src/stm32h7xx_hal.c.obj
                0x08001d70                HAL_GetREVID
 .text.HAL_NVIC_SetPriorityGrouping
                0x08001d7c       0x24 CMakeFiles/YTAR.elf.dir/Drivers/STM32H7xx_HAL_Driver/Src/stm32h7xx_hal_cortex.c.obj
                0x08001d7c                HAL_NVIC_SetPriorityGrouping
 .text.HAL_NVIC_SetPriority
                0x08001da0       0x78 CMakeFiles/YTAR.elf.dir/Drivers/STM32H7xx_HAL_Driver/Src/stm32h7xx_hal_cortex.c.obj
                0x08001da0                HAL_NVIC_SetPriority
 .text.HAL_NVIC_EnableIRQ
                0x08001e18       0x1c CMakeFiles/YTAR.elf.dir/Drivers/STM32H7xx_HAL_Driver/Src/stm32h7xx_hal_cortex.c.obj
                0x08001e18                HAL_NVIC_EnableIRQ
 .text.HAL_SYSTICK_Config
                0x08001e34       0x2c CMakeFiles/YTAR.elf.dir/Drivers/STM32H7xx_HAL_Driver/Src/stm32h7xx_hal_cortex.c.obj
                0x08001e34                HAL_SYSTICK_Config
 .text.FDCAN_CopyMessageToRAM
                0x08001e60       0x84 CMakeFiles/YTAR.elf.dir/Drivers/STM32H7xx_HAL_Driver/Src/stm32h7xx_hal_fdcan.c.obj
 .text.HAL_FDCAN_Init
                0x08001ee4      0x3e4 CMakeFiles/YTAR.elf.dir/Drivers/STM32H7xx_HAL_Driver/Src/stm32h7xx_hal_fdcan.c.obj
                0x08001ee4                HAL_FDCAN_Init
 .text.HAL_FDCAN_Start
                0x080022c8       0x38 CMakeFiles/YTAR.elf.dir/Drivers/STM32H7xx_HAL_Driver/Src/stm32h7xx_hal_fdcan.c.obj
                0x080022c8                HAL_FDCAN_Start
 .text.HAL_FDCAN_Stop
                0x08002300       0x80 CMakeFiles/YTAR.elf.dir/Drivers/STM32H7xx_HAL_Driver/Src/stm32h7xx_hal_fdcan.c.obj
                0x08002300                HAL_FDCAN_Stop
 .text.HAL_FDCAN_AddMessageToTxBuffer
                0x08002380       0x6c CMakeFiles/YTAR.elf.dir/Drivers/STM32H7xx_HAL_Driver/Src/stm32h7xx_hal_fdcan.c.obj
                0x08002380                HAL_FDCAN_AddMessageToTxBuffer
 .text.HAL_FDCAN_EnableTxBufferRequest
                0x080023ec       0x24 CMakeFiles/YTAR.elf.dir/Drivers/STM32H7xx_HAL_Driver/Src/stm32h7xx_hal_fdcan.c.obj
                0x080023ec                HAL_FDCAN_EnableTxBufferRequest
 .text.HAL_FDCAN_GetRxMessage
                0x08002410      0x184 CMakeFiles/YTAR.elf.dir/Drivers/STM32H7xx_HAL_Driver/Src/stm32h7xx_hal_fdcan.c.obj
                0x08002410                HAL_FDCAN_GetRxMessage
 .text.HAL_FDCAN_IsTxBufferMessagePending
                0x08002594       0x10 CMakeFiles/YTAR.elf.dir/Drivers/STM32H7xx_HAL_Driver/Src/stm32h7xx_hal_fdcan.c.obj
                0x08002594                HAL_FDCAN_IsTxBufferMessagePending
 .text.HAL_FDCAN_GetRxFifoFillLevel
                0x080025a4       0x1c CMakeFiles/YTAR.elf.dir/Drivers/STM32H7xx_HAL_Driver/Src/stm32h7xx_hal_fdcan.c.obj
                0x080025a4                HAL_FDCAN_GetRxFifoFillLevel
 .text.HAL_FDCAN_ActivateNotification
                0x080025c0       0x84 CMakeFiles/YTAR.elf.dir/Drivers/STM32H7xx_HAL_Driver/Src/stm32h7xx_hal_fdcan.c.obj
                0x080025c0                HAL_FDCAN_ActivateNotification
 .text.HAL_FDCAN_ClockCalibrationCallback
                0x08002644        0x4 CMakeFiles/YTAR.elf.dir/Drivers/STM32H7xx_HAL_Driver/Src/stm32h7xx_hal_fdcan.c.obj
                0x08002644                HAL_FDCAN_ClockCalibrationCallback
 .text.HAL_FDCAN_TxEventFifoCallback
                0x08002648        0x4 CMakeFiles/YTAR.elf.dir/Drivers/STM32H7xx_HAL_Driver/Src/stm32h7xx_hal_fdcan.c.obj
                0x08002648                HAL_FDCAN_TxEventFifoCallback
 .text.HAL_FDCAN_RxFifo1Callback
                0x0800264c        0x4 CMakeFiles/YTAR.elf.dir/Drivers/STM32H7xx_HAL_Driver/Src/stm32h7xx_hal_fdcan.c.obj
                0x0800264c                HAL_FDCAN_RxFifo1Callback
 .text.HAL_FDCAN_TxFifoEmptyCallback
                0x08002650        0x4 CMakeFiles/YTAR.elf.dir/Drivers/STM32H7xx_HAL_Driver/Src/stm32h7xx_hal_fdcan.c.obj
                0x08002650                HAL_FDCAN_TxFifoEmptyCallback
 .text.HAL_FDCAN_TxBufferCompleteCallback
                0x08002654        0x4 CMakeFiles/YTAR.elf.dir/Drivers/STM32H7xx_HAL_Driver/Src/stm32h7xx_hal_fdcan.c.obj
                0x08002654                HAL_FDCAN_TxBufferCompleteCallback
 .text.HAL_FDCAN_TxBufferAbortCallback
                0x08002658        0x4 CMakeFiles/YTAR.elf.dir/Drivers/STM32H7xx_HAL_Driver/Src/stm32h7xx_hal_fdcan.c.obj
                0x08002658                HAL_FDCAN_TxBufferAbortCallback
 .text.HAL_FDCAN_RxBufferNewMessageCallback
                0x0800265c        0x4 CMakeFiles/YTAR.elf.dir/Drivers/STM32H7xx_HAL_Driver/Src/stm32h7xx_hal_fdcan.c.obj
                0x0800265c                HAL_FDCAN_RxBufferNewMessageCallback
 .text.HAL_FDCAN_TimestampWraparoundCallback
                0x08002660        0x4 CMakeFiles/YTAR.elf.dir/Drivers/STM32H7xx_HAL_Driver/Src/stm32h7xx_hal_fdcan.c.obj
                0x08002660                HAL_FDCAN_TimestampWraparoundCallback
 .text.HAL_FDCAN_TimeoutOccurredCallback
                0x08002664        0x4 CMakeFiles/YTAR.elf.dir/Drivers/STM32H7xx_HAL_Driver/Src/stm32h7xx_hal_fdcan.c.obj
                0x08002664                HAL_FDCAN_TimeoutOccurredCallback
 .text.HAL_FDCAN_HighPriorityMessageCallback
                0x08002668        0x4 CMakeFiles/YTAR.elf.dir/Drivers/STM32H7xx_HAL_Driver/Src/stm32h7xx_hal_fdcan.c.obj
                0x08002668                HAL_FDCAN_HighPriorityMessageCallback
 .text.HAL_FDCAN_ErrorCallback
                0x0800266c        0x4 CMakeFiles/YTAR.elf.dir/Drivers/STM32H7xx_HAL_Driver/Src/stm32h7xx_hal_fdcan.c.obj
                0x0800266c                HAL_FDCAN_ErrorCallback
 .text.HAL_FDCAN_ErrorStatusCallback
                0x08002670        0x4 CMakeFiles/YTAR.elf.dir/Drivers/STM32H7xx_HAL_Driver/Src/stm32h7xx_hal_fdcan.c.obj
                0x08002670                HAL_FDCAN_ErrorStatusCallback
 .text.HAL_FDCAN_TT_ScheduleSyncCallback
                0x08002674        0x4 CMakeFiles/YTAR.elf.dir/Drivers/STM32H7xx_HAL_Driver/Src/stm32h7xx_hal_fdcan.c.obj
                0x08002674                HAL_FDCAN_TT_ScheduleSyncCallback
 .text.HAL_FDCAN_TT_TimeMarkCallback
                0x08002678        0x4 CMakeFiles/YTAR.elf.dir/Drivers/STM32H7xx_HAL_Driver/Src/stm32h7xx_hal_fdcan.c.obj
                0x08002678                HAL_FDCAN_TT_TimeMarkCallback
 .text.HAL_FDCAN_TT_StopWatchCallback
                0x0800267c        0x4 CMakeFiles/YTAR.elf.dir/Drivers/STM32H7xx_HAL_Driver/Src/stm32h7xx_hal_fdcan.c.obj
                0x0800267c                HAL_FDCAN_TT_StopWatchCallback
 .text.HAL_FDCAN_TT_GlobalTimeCallback
                0x08002680        0x4 CMakeFiles/YTAR.elf.dir/Drivers/STM32H7xx_HAL_Driver/Src/stm32h7xx_hal_fdcan.c.obj
                0x08002680                HAL_FDCAN_TT_GlobalTimeCallback
 .text.HAL_FDCAN_IRQHandler
                0x08002684      0x390 CMakeFiles/YTAR.elf.dir/Drivers/STM32H7xx_HAL_Driver/Src/stm32h7xx_hal_fdcan.c.obj
                0x08002684                HAL_FDCAN_IRQHandler
 .text.HAL_GPIO_Init
                0x08002a14      0x424 CMakeFiles/YTAR.elf.dir/Drivers/STM32H7xx_HAL_Driver/Src/stm32h7xx_hal_gpio.c.obj
                0x08002a14                HAL_GPIO_Init
 .text.HAL_GPIO_WritePin
                0x08002e38        0x8 CMakeFiles/YTAR.elf.dir/Drivers/STM32H7xx_HAL_Driver/Src/stm32h7xx_hal_gpio.c.obj
                0x08002e38                HAL_GPIO_WritePin
 .text.HAL_GPIO_EXTI_Callback
                0x08002e40        0x4 CMakeFiles/YTAR.elf.dir/Drivers/STM32H7xx_HAL_Driver/Src/stm32h7xx_hal_gpio.c.obj
                0x08002e40                HAL_GPIO_EXTI_Callback
 .text.HAL_GPIO_EXTI_IRQHandler
                0x08002e44       0x1c CMakeFiles/YTAR.elf.dir/Drivers/STM32H7xx_HAL_Driver/Src/stm32h7xx_hal_gpio.c.obj
                0x08002e44                HAL_GPIO_EXTI_IRQHandler
 .text.HAL_LTDC_Init
                0x08002e60       0xdc CMakeFiles/YTAR.elf.dir/Drivers/STM32H7xx_HAL_Driver/Src/stm32h7xx_hal_ltdc.c.obj
                0x08002e60                HAL_LTDC_Init
 .text.HAL_LTDC_ErrorCallback
                0x08002f3c        0x4 CMakeFiles/YTAR.elf.dir/Drivers/STM32H7xx_HAL_Driver/Src/stm32h7xx_hal_ltdc.c.obj
                0x08002f3c                HAL_LTDC_ErrorCallback
 .text.HAL_LTDC_LineEventCallback
                0x08002f40        0x4 CMakeFiles/YTAR.elf.dir/Drivers/STM32H7xx_HAL_Driver/Src/stm32h7xx_hal_ltdc.c.obj
                0x08002f40                HAL_LTDC_LineEventCallback
 .text.HAL_LTDC_ReloadEventCallback
                0x08002f44        0x4 CMakeFiles/YTAR.elf.dir/Drivers/STM32H7xx_HAL_Driver/Src/stm32h7xx_hal_ltdc.c.obj
                0x08002f44                HAL_LTDC_ReloadEventCallback
 .text.HAL_LTDC_IRQHandler
                0x08002f48       0xc4 CMakeFiles/YTAR.elf.dir/Drivers/STM32H7xx_HAL_Driver/Src/stm32h7xx_hal_ltdc.c.obj
                0x08002f48                HAL_LTDC_IRQHandler
 .text.HAL_LTDC_ConfigLayer
                0x0800300c      0x198 CMakeFiles/YTAR.elf.dir/Drivers/STM32H7xx_HAL_Driver/Src/stm32h7xx_hal_ltdc.c.obj
                0x0800300c                HAL_LTDC_ConfigLayer
 .text.HAL_PWREx_ConfigSupply
                0x080031a4       0x48 CMakeFiles/YTAR.elf.dir/Drivers/STM32H7xx_HAL_Driver/Src/stm32h7xx_hal_pwr_ex.c.obj
                0x080031a4                HAL_PWREx_ConfigSupply
 .text.HAL_RCC_OscConfig
                0x080031ec      0x5dc CMakeFiles/YTAR.elf.dir/Drivers/STM32H7xx_HAL_Driver/Src/stm32h7xx_hal_rcc.c.obj
                0x080031ec                HAL_RCC_OscConfig
 .text.HAL_RCC_GetSysClockFreq
                0x080037c8      0x164 CMakeFiles/YTAR.elf.dir/Drivers/STM32H7xx_HAL_Driver/Src/stm32h7xx_hal_rcc.c.obj
                0x080037c8                HAL_RCC_GetSysClockFreq
 .text.HAL_RCC_ClockConfig
                0x0800392c      0x254 CMakeFiles/YTAR.elf.dir/Drivers/STM32H7xx_HAL_Driver/Src/stm32h7xx_hal_rcc.c.obj
                0x0800392c                HAL_RCC_ClockConfig
 .text.RCCEx_PLL2_Config.part.0
                0x08003b80       0xe0 CMakeFiles/YTAR.elf.dir/Drivers/STM32H7xx_HAL_Driver/Src/stm32h7xx_hal_rcc_ex.c.obj
 .text.RCCEx_PLL3_Config.part.0
                0x08003c60       0xe0 CMakeFiles/YTAR.elf.dir/Drivers/STM32H7xx_HAL_Driver/Src/stm32h7xx_hal_rcc_ex.c.obj
 .text.HAL_RCCEx_PeriphCLKConfig
                0x08003d40      0xf00 CMakeFiles/YTAR.elf.dir/Drivers/STM32H7xx_HAL_Driver/Src/stm32h7xx_hal_rcc_ex.c.obj
                0x08003d40                HAL_RCCEx_PeriphCLKConfig
 .text.HAL_SDRAM_Init
                0x08004c40       0x54 CMakeFiles/YTAR.elf.dir/Drivers/STM32H7xx_HAL_Driver/Src/stm32h7xx_hal_sdram.c.obj
                0x08004c40                HAL_SDRAM_Init
 .text.FMC_SDRAM_Init
                0x08004c94       0x6c CMakeFiles/YTAR.elf.dir/Drivers/STM32H7xx_HAL_Driver/Src/stm32h7xx_ll_fmc.c.obj
                0x08004c94                FMC_SDRAM_Init
 .text.FMC_SDRAM_Timing_Init
                0x08004d00       0x7c CMakeFiles/YTAR.elf.dir/Drivers/STM32H7xx_HAL_Driver/Src/stm32h7xx_ll_fmc.c.obj
                0x08004d00                FMC_SDRAM_Timing_Init
 .text.LL_GPIO_Init
                0x08004d7c       0xf4 CMakeFiles/YTAR.elf.dir/Drivers/STM32H7xx_HAL_Driver/Src/stm32h7xx_ll_gpio.c.obj
                0x08004d7c                LL_GPIO_Init
 .text.LL_TIM_Init
                0x08004e70       0xd4 CMakeFiles/YTAR.elf.dir/Drivers/STM32H7xx_HAL_Driver/Src/stm32h7xx_ll_tim.c.obj
                0x08004e70                LL_TIM_Init
 .text.atexit   0x08004f44        0xc /usr/lib/gcc/arm-none-eabi/14.1.0/../../../../arm-none-eabi/lib/thumb/v7e-m/nofp/libc.a(libc_a-atexit.o)
                0x08004f44                atexit
 .text.memset   0x08004f50       0x9c /usr/lib/gcc/arm-none-eabi/14.1.0/../../../../arm-none-eabi/lib/thumb/v7e-m/nofp/libc.a(libc_a-memset.o)
                0x08004f50                memset
 .text.__libc_init_array
                0x08004fec       0x50 /usr/lib/gcc/arm-none-eabi/14.1.0/../../../../arm-none-eabi/lib/thumb/v7e-m/nofp/libc.a(libc_a-init.o)
                0x08004fec                __libc_init_array
 .text.__libc_fini_array
                0x0800503c       0x28 /usr/lib/gcc/arm-none-eabi/14.1.0/../../../../arm-none-eabi/lib/thumb/v7e-m/nofp/libc.a(libc_a-fini.o)
                0x0800503c                __libc_fini_array
 .text.__retarget_lock_acquire_recursive
                0x08005064        0x4 /usr/lib/gcc/arm-none-eabi/14.1.0/../../../../arm-none-eabi/lib/thumb/v7e-m/nofp/libc.a(libc_a-lock.o)
                0x08005064                __retarget_lock_acquire_recursive
 .text.__retarget_lock_release_recursive
                0x08005068        0x4 /usr/lib/gcc/arm-none-eabi/14.1.0/../../../../arm-none-eabi/lib/thumb/v7e-m/nofp/libc.a(libc_a-lock.o)
                0x08005068                __retarget_lock_release_recursive
 .text.__register_exitproc
                0x0800506c       0x80 /usr/lib/gcc/arm-none-eabi/14.1.0/../../../../arm-none-eabi/lib/thumb/v7e-m/nofp/libc.a(libc_a-__atexit.o)
                0x0800506c                __register_exitproc
 .text.startup.register_fini
                0x080050ec       0x14 /usr/lib/gcc/arm-none-eabi/14.1.0/../../../../arm-none-eabi/lib/thumb/v7e-m/nofp/libc.a(libc_a-__call_atexit.o)
 *(.glue_7)
 .glue_7        0x08005100        0x0 linker stubs
 *(.glue_7t)
 .glue_7t       0x08005100        0x0 linker stubs
 *(.eh_frame)
 .eh_frame      0x08005100        0x0 /usr/lib/gcc/arm-none-eabi/14.1.0/thumb/v7e-m/nofp/crtbegin.o
 *(.init)
 .init          0x08005100        0x4 /usr/lib/gcc/arm-none-eabi/14.1.0/thumb/v7e-m/nofp/crti.o
                0x08005100                _init
 .init          0x08005104        0x8 /usr/lib/gcc/arm-none-eabi/14.1.0/thumb/v7e-m/nofp/crtn.o
 *(.fini)
 .fini          0x0800510c        0x4 /usr/lib/gcc/arm-none-eabi/14.1.0/thumb/v7e-m/nofp/crti.o
                0x0800510c                _fini
 .fini          0x08005110        0x8 /usr/lib/gcc/arm-none-eabi/14.1.0/thumb/v7e-m/nofp/crtn.o
                0x08005118                        . = ALIGN (0x4)
                0x08005118                        _etext = .

.vfp11_veneer   0x08005118        0x0
 .vfp11_veneer  0x08005118        0x0 linker stubs

.v4_bx          0x08005118        0x0
 .v4_bx         0x08005118        0x0 linker stubs

.iplt           0x08005118        0x0
 .iplt          0x08005118        0x0 /usr/lib/gcc/arm-none-eabi/14.1.0/thumb/v7e-m/nofp/crtbegin.o

.rodata         0x08005118      0x3e0
                0x08005118                        . = ALIGN (0x4)
 *(.rodata)
 .rodata        0x08005118        0x8 CMakeFiles/YTAR.elf.dir/Core/Src/main.c.obj
 .rodata        0x08005120       0x4c CMakeFiles/YTAR.elf.dir/Drivers/STM32H7xx_HAL_Driver/Src/stm32h7xx_hal_fdcan.c.obj
 *(.rodata*)
 .rodata.odblokuj.str1.4
                0x0800516c        0x9 CMakeFiles/YTAR.elf.dir/Core/Src/main.c.obj
 *fill*         0x08005175        0x3 
 .rodata.ik.0   0x08005178       0x40 CMakeFiles/YTAR.elf.dir/Core/Src/main.c.obj
 .rodata.s.1    0x080051b8      0x100 CMakeFiles/YTAR.elf.dir/Core/Src/main.c.obj
 .rodata.g.2    0x080052b8      0x100 CMakeFiles/YTAR.elf.dir/Core/Src/main.c.obj
 .rodata.K.3    0x080053b8      0x100 CMakeFiles/YTAR.elf.dir/Core/Src/main.c.obj
 .rodata.D1CorePrescTable
                0x080054b8       0x10 CMakeFiles/YTAR.elf.dir/Core/Src/system_stm32h7xx.c.obj
                0x080054b8                D1CorePrescTable
 .rodata.DLCtoBytes
                0x080054c8       0x10 CMakeFiles/YTAR.elf.dir/Drivers/STM32H7xx_HAL_Driver/Src/stm32h7xx_hal_fdcan.c.obj
 .rodata.CSWTCH.3
                0x080054d8       0x20 CMakeFiles/YTAR.elf.dir/Drivers/STM32H7xx_HAL_Driver/Src/stm32h7xx_hal_ltdc.c.obj
                0x080054f8                        . = ALIGN (0x4)

.ARM.extab
 *(.ARM.extab* .gnu.linkonce.armextab.*)

.ARM            0x080054f8        0x8
                0x080054f8                        __exidx_start = .
 *(.ARM.exidx*)
 .ARM.exidx     0x080054f8        0x8 /usr/lib/gcc/arm-none-eabi/14.1.0/../../../../arm-none-eabi/lib/thumb/v7e-m/nofp/libc.a(libc_a-memcpy.o)
                0x08005500                        __exidx_end = .

.rel.dyn        0x08005500        0x0
 .rel.iplt      0x08005500        0x0 /usr/lib/gcc/arm-none-eabi/14.1.0/thumb/v7e-m/nofp/crtbegin.o

.preinit_array  0x08005500        0x0
                0x08005500                        PROVIDE (__preinit_array_start = .)
 *(.preinit_array*)
                0x08005500                        PROVIDE (__preinit_array_end = .)

.init_array     0x08005500        0x8
                0x08005500                        PROVIDE (__init_array_start = .)
 *(SORT_BY_NAME(.init_array.*))
 .init_array.00000
                0x08005500        0x4 /usr/lib/gcc/arm-none-eabi/14.1.0/../../../../arm-none-eabi/lib/thumb/v7e-m/nofp/libc.a(libc_a-__call_atexit.o)
 *(.init_array*)
 .init_array    0x08005504        0x4 /usr/lib/gcc/arm-none-eabi/14.1.0/thumb/v7e-m/nofp/crtbegin.o
                0x08005508                        PROVIDE (__init_array_end = .)

.fini_array     0x08005508        0x4
                0x08005508                        PROVIDE (__fini_array_start = .)
 *(SORT_BY_NAME(.fini_array.*))
 *(.fini_array*)
 .fini_array    0x08005508        0x4 /usr/lib/gcc/arm-none-eabi/14.1.0/thumb/v7e-m/nofp/crtbegin.o
                0x0800550c                        PROVIDE (__fini_array_end = .)
                0x0800550c                        _sidata = LOADADDR (.data)

.data           0x24000000       0x1c load address 0x0800550c
                0x24000000                        . = ALIGN (0x4)
                0x24000000                        _sdata = .
 *(.data)
 *(.data*)
 .data.flag     0x24000000        0x1 CMakeFiles/YTAR.elf.dir/Core/Src/main.c.obj
                0x24000000                flag
 *fill*         0x24000001        0x3 
 .data.fb       0x24000004        0x4 CMakeFiles/YTAR.elf.dir/Core/Src/main.c.obj
                0x24000004                fb
 .data.SystemD2Clock
                0x24000008        0x4 CMakeFiles/YTAR.elf.dir/Core/Src/system_stm32h7xx.c.obj
                0x24000008                SystemD2Clock
 .data.SystemCoreClock
                0x2400000c        0x4 CMakeFiles/YTAR.elf.dir/Core/Src/system_stm32h7xx.c.obj
                0x2400000c                SystemCoreClock
 .data.uwTickFreq
                0x24000010        0x1 CMakeFiles/YTAR.elf.dir/Drivers/STM32H7xx_HAL_Driver/Src/stm32h7xx_hal.c.obj
                0x24000010                uwTickFreq
 *fill*         0x24000011        0x3 
 .data.uwTickPrio
                0x24000014        0x4 CMakeFiles/YTAR.elf.dir/Drivers/STM32H7xx_HAL_Driver/Src/stm32h7xx_hal.c.obj
                0x24000014                uwTickPrio
 .data.__atexit_recursive_mutex
                0x24000018        0x4 /usr/lib/gcc/arm-none-eabi/14.1.0/../../../../arm-none-eabi/lib/thumb/v7e-m/nofp/libc.a(libc_a-__call_atexit.o)
                0x24000018                __atexit_recursive_mutex
 *(.RamFunc)
 *(.RamFunc*)
                0x2400001c                        . = ALIGN (0x4)
                0x2400001c                        _edata = .

.igot.plt       0x2400001c        0x0 load address 0x08005528
 .igot.plt      0x2400001c        0x0 /usr/lib/gcc/arm-none-eabi/14.1.0/thumb/v7e-m/nofp/crtbegin.o
                0x2400001c                        . = ALIGN (0x4)

.bss            0x24000020      0x428 load address 0x08005528
                0x24000020                        _sbss = .
                0x24000020                        __bss_start__ = _sbss
 *(.bss)
 *(.bss*)
 .bss.completed.1
                0x24000020        0x1 /usr/lib/gcc/arm-none-eabi/14.1.0/thumb/v7e-m/nofp/crtbegin.o
 *fill*         0x24000021        0x3 
 .bss.object.0  0x24000024       0x18 /usr/lib/gcc/arm-none-eabi/14.1.0/thumb/v7e-m/nofp/crtbegin.o
 *fill*         0x2400003c        0x4 
 .bss.X         0x24000040       0x80 CMakeFiles/YTAR.elf.dir/Core/Src/main.c.obj
 .bss.RxHeader  0x240000c0       0x28 CMakeFiles/YTAR.elf.dir/Core/Src/main.c.obj
                0x240000c0                RxHeader
 .bss.indeks    0x240000e8        0x1 CMakeFiles/YTAR.elf.dir/Core/Src/main.c.obj
                0x240000e8                indeks
 *fill*         0x240000e9        0x3 
 .bss.odebrane  0x240000ec       0x3c CMakeFiles/YTAR.elf.dir/Core/Src/main.c.obj
                0x240000ec                odebrane
 .bss.hsdram1   0x24000128       0x34 CMakeFiles/YTAR.elf.dir/Core/Src/main.c.obj
                0x24000128                hsdram1
 .bss.hltdc     0x2400015c       0xa8 CMakeFiles/YTAR.elf.dir/Core/Src/main.c.obj
                0x2400015c                hltdc
 .bss.hfdcan1   0x24000204       0xa0 CMakeFiles/YTAR.elf.dir/Core/Src/main.c.obj
                0x24000204                hfdcan1
 .bss.FMC_Initialized
                0x240002a4        0x4 CMakeFiles/YTAR.elf.dir/Core/Src/stm32h7xx_hal_msp.c.obj
 .bss.line_cnt  0x240002a8        0x4 CMakeFiles/YTAR.elf.dir/Core/Src/stm32h7xx_it.c.obj
                0x240002a8                line_cnt
 .bss.uwTick    0x240002ac        0x4 CMakeFiles/YTAR.elf.dir/Drivers/STM32H7xx_HAL_Driver/Src/stm32h7xx_hal.c.obj
                0x240002ac                uwTick
 .bss.__lock___atexit_recursive_mutex
                0x240002b0        0x1 /usr/lib/gcc/arm-none-eabi/14.1.0/../../../../arm-none-eabi/lib/thumb/v7e-m/nofp/libc.a(libc_a-lock.o)
                0x240002b0                __lock___atexit_recursive_mutex
 *fill*         0x240002b1        0x3 
 .bss.__atexit0
                0x240002b4      0x190 /usr/lib/gcc/arm-none-eabi/14.1.0/../../../../arm-none-eabi/lib/thumb/v7e-m/nofp/libc.a(libc_a-__atexit.o)
                0x240002b4                __atexit0
 .bss.__atexit  0x24000444        0x4 /usr/lib/gcc/arm-none-eabi/14.1.0/../../../../arm-none-eabi/lib/thumb/v7e-m/nofp/libc.a(libc_a-__call_atexit.o)
                0x24000444                __atexit
 *(COMMON)
                0x24000448                        . = ALIGN (0x4)
                0x24000448                        _ebss = .
                0x24000448                        __bss_end__ = _ebss

._user_heap_stack
                0x24000448      0x600 load address 0x08005528
                0x24000448                        . = ALIGN (0x8)
                [!provide]                        PROVIDE (end = .)
                0x24000448                        PROVIDE (_end = .)
                0x24000648                        . = (. + _Min_Heap_Size)
 *fill*         0x24000448      0x200 
                0x24000a48                        . = (. + _Min_Stack_Size)
 *fill*         0x24000648      0x400 
                0x24000a48                        . = ALIGN (0x8)

/DISCARD/
 libc.a(*)
 libm.a(*)
 libgcc.a(*)

.ARM.attributes
                0x00000000       0x2a
 *(.ARM.attributes)
 .ARM.attributes
                0x00000000       0x1e /usr/lib/gcc/arm-none-eabi/14.1.0/thumb/v7e-m/nofp/crti.o
 .ARM.attributes
                0x0000001e       0x2e /usr/lib/gcc/arm-none-eabi/14.1.0/thumb/v7e-m/nofp/crtbegin.o
 .ARM.attributes
                0x0000004c       0x2a CMakeFiles/YTAR.elf.dir/Core/Src/main.c.obj
 .ARM.attributes
                0x00000076       0x2a CMakeFiles/YTAR.elf.dir/Core/Src/stm32h7xx_hal_msp.c.obj
 .ARM.attributes
                0x000000a0       0x2a CMakeFiles/YTAR.elf.dir/Core/Src/stm32h7xx_it.c.obj
 .ARM.attributes
                0x000000ca       0x2a CMakeFiles/YTAR.elf.dir/Core/Src/system_stm32h7xx.c.obj
 .ARM.attributes
                0x000000f4       0x21 CMakeFiles/YTAR.elf.dir/Core/Startup/startup_stm32h750xbhx.s.obj
 .ARM.attributes
                0x00000115       0x2a CMakeFiles/YTAR.elf.dir/Drivers/STM32H7xx_HAL_Driver/Src/stm32h7xx_hal.c.obj
 .ARM.attributes
                0x0000013f       0x2a CMakeFiles/YTAR.elf.dir/Drivers/STM32H7xx_HAL_Driver/Src/stm32h7xx_hal_cortex.c.obj
 .ARM.attributes
                0x00000169       0x2a CMakeFiles/YTAR.elf.dir/Drivers/STM32H7xx_HAL_Driver/Src/stm32h7xx_hal_fdcan.c.obj
 .ARM.attributes
                0x00000193       0x2a CMakeFiles/YTAR.elf.dir/Drivers/STM32H7xx_HAL_Driver/Src/stm32h7xx_hal_gpio.c.obj
 .ARM.attributes
                0x000001bd       0x2a CMakeFiles/YTAR.elf.dir/Drivers/STM32H7xx_HAL_Driver/Src/stm32h7xx_hal_ltdc.c.obj
 .ARM.attributes
                0x000001e7       0x2a CMakeFiles/YTAR.elf.dir/Drivers/STM32H7xx_HAL_Driver/Src/stm32h7xx_hal_pwr_ex.c.obj
 .ARM.attributes
                0x00000211       0x2a CMakeFiles/YTAR.elf.dir/Drivers/STM32H7xx_HAL_Driver/Src/stm32h7xx_hal_rcc.c.obj
 .ARM.attributes
                0x0000023b       0x2a CMakeFiles/YTAR.elf.dir/Drivers/STM32H7xx_HAL_Driver/Src/stm32h7xx_hal_rcc_ex.c.obj
 .ARM.attributes
                0x00000265       0x2a CMakeFiles/YTAR.elf.dir/Drivers/STM32H7xx_HAL_Driver/Src/stm32h7xx_hal_sdram.c.obj
 .ARM.attributes
                0x0000028f       0x2a CMakeFiles/YTAR.elf.dir/Drivers/STM32H7xx_HAL_Driver/Src/stm32h7xx_ll_fmc.c.obj
 .ARM.attributes
                0x000002b9       0x2a CMakeFiles/YTAR.elf.dir/Drivers/STM32H7xx_HAL_Driver/Src/stm32h7xx_ll_gpio.c.obj
 .ARM.attributes
                0x000002e3       0x2a CMakeFiles/YTAR.elf.dir/Drivers/STM32H7xx_HAL_Driver/Src/stm32h7xx_ll_tim.c.obj
 .ARM.attributes
                0x0000030d       0x1e /usr/lib/gcc/arm-none-eabi/14.1.0/thumb/v7e-m/nofp/libgcc.a(_arm_addsubsf3.o)
 .ARM.attributes
                0x0000032b       0x1e /usr/lib/gcc/arm-none-eabi/14.1.0/thumb/v7e-m/nofp/libgcc.a(_arm_muldivsf3.o)
 .ARM.attributes
                0x00000349       0x1e /usr/lib/gcc/arm-none-eabi/14.1.0/thumb/v7e-m/nofp/libgcc.a(_arm_fixunssfsi.o)
 .ARM.attributes
                0x00000367       0x2e /usr/lib/gcc/arm-none-eabi/14.1.0/../../../../arm-none-eabi/lib/thumb/v7e-m/nofp/libc.a(libc_a-atexit.o)
 .ARM.attributes
                0x00000395       0x2e /usr/lib/gcc/arm-none-eabi/14.1.0/../../../../arm-none-eabi/lib/thumb/v7e-m/nofp/libc.a(libc_a-memset.o)
 .ARM.attributes
                0x000003c3       0x2e /usr/lib/gcc/arm-none-eabi/14.1.0/../../../../arm-none-eabi/lib/thumb/v7e-m/nofp/libc.a(libc_a-init.o)
 .ARM.attributes
                0x000003f1       0x2e /usr/lib/gcc/arm-none-eabi/14.1.0/../../../../arm-none-eabi/lib/thumb/v7e-m/nofp/libc.a(libc_a-fini.o)
 .ARM.attributes
                0x0000041f       0x2e /usr/lib/gcc/arm-none-eabi/14.1.0/../../../../arm-none-eabi/lib/thumb/v7e-m/nofp/libc.a(libc_a-lock.o)
 .ARM.attributes
                0x0000044d       0x1c /usr/lib/gcc/arm-none-eabi/14.1.0/../../../../arm-none-eabi/lib/thumb/v7e-m/nofp/libc.a(libc_a-memcpy.o)
 .ARM.attributes
                0x00000469       0x2e /usr/lib/gcc/arm-none-eabi/14.1.0/../../../../arm-none-eabi/lib/thumb/v7e-m/nofp/libc.a(libc_a-__atexit.o)
 .ARM.attributes
                0x00000497       0x2e /usr/lib/gcc/arm-none-eabi/14.1.0/../../../../arm-none-eabi/lib/thumb/v7e-m/nofp/libc.a(libc_a-__call_atexit.o)
 .ARM.attributes
                0x000004c5       0x1e /usr/lib/gcc/arm-none-eabi/14.1.0/thumb/v7e-m/nofp/crtn.o
OUTPUT(YTAR.elf elf32-littlearm)
LOAD linker stubs
LOAD /usr/lib/gcc/arm-none-eabi/14.1.0/../../../../arm-none-eabi/lib/thumb/v7e-m/nofp/libc.a
LOAD /usr/lib/gcc/arm-none-eabi/14.1.0/../../../../arm-none-eabi/lib/thumb/v7e-m/nofp/libm.a
LOAD /usr/lib/gcc/arm-none-eabi/14.1.0/thumb/v7e-m/nofp/libgcc.a

.comment        0x00000000       0x1e
 .comment       0x00000000       0x1e CMakeFiles/YTAR.elf.dir/Core/Src/main.c.obj
                                 0x1f (size before relaxing)
 .comment       0x0000001e       0x1f CMakeFiles/YTAR.elf.dir/Core/Src/stm32h7xx_hal_msp.c.obj
 .comment       0x0000001e       0x1f CMakeFiles/YTAR.elf.dir/Core/Src/stm32h7xx_it.c.obj
 .comment       0x0000001e       0x1f CMakeFiles/YTAR.elf.dir/Core/Src/system_stm32h7xx.c.obj
 .comment       0x0000001e       0x1f CMakeFiles/YTAR.elf.dir/Drivers/STM32H7xx_HAL_Driver/Src/stm32h7xx_hal.c.obj
 .comment       0x0000001e       0x1f CMakeFiles/YTAR.elf.dir/Drivers/STM32H7xx_HAL_Driver/Src/stm32h7xx_hal_cortex.c.obj
 .comment       0x0000001e       0x1f CMakeFiles/YTAR.elf.dir/Drivers/STM32H7xx_HAL_Driver/Src/stm32h7xx_hal_fdcan.c.obj
 .comment       0x0000001e       0x1f CMakeFiles/YTAR.elf.dir/Drivers/STM32H7xx_HAL_Driver/Src/stm32h7xx_hal_gpio.c.obj
 .comment       0x0000001e       0x1f CMakeFiles/YTAR.elf.dir/Drivers/STM32H7xx_HAL_Driver/Src/stm32h7xx_hal_ltdc.c.obj
 .comment       0x0000001e       0x1f CMakeFiles/YTAR.elf.dir/Drivers/STM32H7xx_HAL_Driver/Src/stm32h7xx_hal_pwr_ex.c.obj
 .comment       0x0000001e       0x1f CMakeFiles/YTAR.elf.dir/Drivers/STM32H7xx_HAL_Driver/Src/stm32h7xx_hal_rcc.c.obj
 .comment       0x0000001e       0x1f CMakeFiles/YTAR.elf.dir/Drivers/STM32H7xx_HAL_Driver/Src/stm32h7xx_hal_rcc_ex.c.obj
 .comment       0x0000001e       0x1f CMakeFiles/YTAR.elf.dir/Drivers/STM32H7xx_HAL_Driver/Src/stm32h7xx_hal_sdram.c.obj
 .comment       0x0000001e       0x1f CMakeFiles/YTAR.elf.dir/Drivers/STM32H7xx_HAL_Driver/Src/stm32h7xx_ll_fmc.c.obj
 .comment       0x0000001e       0x1f CMakeFiles/YTAR.elf.dir/Drivers/STM32H7xx_HAL_Driver/Src/stm32h7xx_ll_gpio.c.obj
 .comment       0x0000001e       0x1f CMakeFiles/YTAR.elf.dir/Drivers/STM32H7xx_HAL_Driver/Src/stm32h7xx_ll_tim.c.obj
 .comment       0x0000001e       0x1f /usr/lib/gcc/arm-none-eabi/14.1.0/../../../../arm-none-eabi/lib/thumb/v7e-m/nofp/libc.a(libc_a-atexit.o)
 .comment       0x0000001e       0x1f /usr/lib/gcc/arm-none-eabi/14.1.0/../../../../arm-none-eabi/lib/thumb/v7e-m/nofp/libc.a(libc_a-memset.o)
 .comment       0x0000001e       0x1f /usr/lib/gcc/arm-none-eabi/14.1.0/../../../../arm-none-eabi/lib/thumb/v7e-m/nofp/libc.a(libc_a-init.o)
 .comment       0x0000001e       0x1f /usr/lib/gcc/arm-none-eabi/14.1.0/../../../../arm-none-eabi/lib/thumb/v7e-m/nofp/libc.a(libc_a-fini.o)
 .comment       0x0000001e       0x1f /usr/lib/gcc/arm-none-eabi/14.1.0/../../../../arm-none-eabi/lib/thumb/v7e-m/nofp/libc.a(libc_a-lock.o)
 .comment       0x0000001e       0x1f /usr/lib/gcc/arm-none-eabi/14.1.0/../../../../arm-none-eabi/lib/thumb/v7e-m/nofp/libc.a(libc_a-__atexit.o)
 .comment       0x0000001e       0x1f /usr/lib/gcc/arm-none-eabi/14.1.0/../../../../arm-none-eabi/lib/thumb/v7e-m/nofp/libc.a(libc_a-__call_atexit.o)

.debug_line     0x00000000      0xdcc
 .debug_line    0x00000000      0x103 /usr/lib/gcc/arm-none-eabi/14.1.0/thumb/v7e-m/nofp/libgcc.a(_arm_addsubsf3.o)
 .debug_line    0x00000103      0x123 /usr/lib/gcc/arm-none-eabi/14.1.0/thumb/v7e-m/nofp/libgcc.a(_arm_muldivsf3.o)
 .debug_line    0x00000226       0x5e /usr/lib/gcc/arm-none-eabi/14.1.0/thumb/v7e-m/nofp/libgcc.a(_arm_fixunssfsi.o)
 .debug_line    0x00000284       0xe4 /usr/lib/gcc/arm-none-eabi/14.1.0/../../../../arm-none-eabi/lib/thumb/v7e-m/nofp/libc.a(libc_a-atexit.o)
 .debug_line    0x00000368      0x1c6 /usr/lib/gcc/arm-none-eabi/14.1.0/../../../../arm-none-eabi/lib/thumb/v7e-m/nofp/libc.a(libc_a-memset.o)
 .debug_line    0x0000052e      0x134 /usr/lib/gcc/arm-none-eabi/14.1.0/../../../../arm-none-eabi/lib/thumb/v7e-m/nofp/libc.a(libc_a-init.o)
 .debug_line    0x00000662       0xe8 /usr/lib/gcc/arm-none-eabi/14.1.0/../../../../arm-none-eabi/lib/thumb/v7e-m/nofp/libc.a(libc_a-fini.o)
 .debug_line    0x0000074a      0x17d /usr/lib/gcc/arm-none-eabi/14.1.0/../../../../arm-none-eabi/lib/thumb/v7e-m/nofp/libc.a(libc_a-lock.o)
 .debug_line    0x000008c7       0xb9 /usr/lib/gcc/arm-none-eabi/14.1.0/../../../../arm-none-eabi/lib/thumb/v7e-m/nofp/libc.a(libc_a-memcpy.o)
 .debug_line    0x00000980      0x196 /usr/lib/gcc/arm-none-eabi/14.1.0/../../../../arm-none-eabi/lib/thumb/v7e-m/nofp/libc.a(libc_a-__atexit.o)
 .debug_line    0x00000b16      0x2b6 /usr/lib/gcc/arm-none-eabi/14.1.0/../../../../arm-none-eabi/lib/thumb/v7e-m/nofp/libc.a(libc_a-__call_atexit.o)

.debug_line_str
                0x00000000      0x137
 .debug_line_str
                0x00000000      0x137 /usr/lib/gcc/arm-none-eabi/14.1.0/thumb/v7e-m/nofp/libgcc.a(_arm_addsubsf3.o)
                                 0x94 (size before relaxing)
 .debug_line_str
                0x00000137       0x94 /usr/lib/gcc/arm-none-eabi/14.1.0/thumb/v7e-m/nofp/libgcc.a(_arm_muldivsf3.o)
 .debug_line_str
                0x00000137       0x94 /usr/lib/gcc/arm-none-eabi/14.1.0/thumb/v7e-m/nofp/libgcc.a(_arm_fixunssfsi.o)
 .debug_line_str
                0x00000137       0xa3 /usr/lib/gcc/arm-none-eabi/14.1.0/../../../../arm-none-eabi/lib/thumb/v7e-m/nofp/libc.a(libc_a-memcpy.o)

.debug_info     0x00000000      0xd39
 .debug_info    0x00000000       0xca /usr/lib/gcc/arm-none-eabi/14.1.0/thumb/v7e-m/nofp/libgcc.a(_arm_addsubsf3.o)
 .debug_info    0x000000ca       0x57 /usr/lib/gcc/arm-none-eabi/14.1.0/thumb/v7e-m/nofp/libgcc.a(_arm_muldivsf3.o)
 .debug_info    0x00000121       0x3c /usr/lib/gcc/arm-none-eabi/14.1.0/thumb/v7e-m/nofp/libgcc.a(_arm_fixunssfsi.o)
 .debug_info    0x0000015d      0x11e /usr/lib/gcc/arm-none-eabi/14.1.0/../../../../arm-none-eabi/lib/thumb/v7e-m/nofp/libc.a(libc_a-atexit.o)
 .debug_info    0x0000027b      0x135 /usr/lib/gcc/arm-none-eabi/14.1.0/../../../../arm-none-eabi/lib/thumb/v7e-m/nofp/libc.a(libc_a-memset.o)
 .debug_info    0x000003b0      0x10b /usr/lib/gcc/arm-none-eabi/14.1.0/../../../../arm-none-eabi/lib/thumb/v7e-m/nofp/libc.a(libc_a-init.o)
 .debug_info    0x000004bb       0xf7 /usr/lib/gcc/arm-none-eabi/14.1.0/../../../../arm-none-eabi/lib/thumb/v7e-m/nofp/libc.a(libc_a-fini.o)
 .debug_info    0x000005b2      0x218 /usr/lib/gcc/arm-none-eabi/14.1.0/../../../../arm-none-eabi/lib/thumb/v7e-m/nofp/libc.a(libc_a-lock.o)
 .debug_info    0x000007ca       0x33 /usr/lib/gcc/arm-none-eabi/14.1.0/../../../../arm-none-eabi/lib/thumb/v7e-m/nofp/libc.a(libc_a-memcpy.o)
 .debug_info    0x000007fd      0x25f /usr/lib/gcc/arm-none-eabi/14.1.0/../../../../arm-none-eabi/lib/thumb/v7e-m/nofp/libc.a(libc_a-__atexit.o)
 .debug_info    0x00000a5c      0x2dd /usr/lib/gcc/arm-none-eabi/14.1.0/../../../../arm-none-eabi/lib/thumb/v7e-m/nofp/libc.a(libc_a-__call_atexit.o)

.debug_abbrev   0x00000000      0x857
 .debug_abbrev  0x00000000       0x28 /usr/lib/gcc/arm-none-eabi/14.1.0/thumb/v7e-m/nofp/libgcc.a(_arm_addsubsf3.o)
 .debug_abbrev  0x00000028       0x28 /usr/lib/gcc/arm-none-eabi/14.1.0/thumb/v7e-m/nofp/libgcc.a(_arm_muldivsf3.o)
 .debug_abbrev  0x00000050       0x28 /usr/lib/gcc/arm-none-eabi/14.1.0/thumb/v7e-m/nofp/libgcc.a(_arm_fixunssfsi.o)
 .debug_abbrev  0x00000078       0xc1 /usr/lib/gcc/arm-none-eabi/14.1.0/../../../../arm-none-eabi/lib/thumb/v7e-m/nofp/libc.a(libc_a-atexit.o)
 .debug_abbrev  0x00000139       0xb7 /usr/lib/gcc/arm-none-eabi/14.1.0/../../../../arm-none-eabi/lib/thumb/v7e-m/nofp/libc.a(libc_a-memset.o)
 .debug_abbrev  0x000001f0       0xc9 /usr/lib/gcc/arm-none-eabi/14.1.0/../../../../arm-none-eabi/lib/thumb/v7e-m/nofp/libc.a(libc_a-init.o)
 .debug_abbrev  0x000002b9       0xcc /usr/lib/gcc/arm-none-eabi/14.1.0/../../../../arm-none-eabi/lib/thumb/v7e-m/nofp/libc.a(libc_a-fini.o)
 .debug_abbrev  0x00000385      0x115 /usr/lib/gcc/arm-none-eabi/14.1.0/../../../../arm-none-eabi/lib/thumb/v7e-m/nofp/libc.a(libc_a-lock.o)
 .debug_abbrev  0x0000049a       0x28 /usr/lib/gcc/arm-none-eabi/14.1.0/../../../../arm-none-eabi/lib/thumb/v7e-m/nofp/libc.a(libc_a-memcpy.o)
 .debug_abbrev  0x000004c2      0x189 /usr/lib/gcc/arm-none-eabi/14.1.0/../../../../arm-none-eabi/lib/thumb/v7e-m/nofp/libc.a(libc_a-__atexit.o)
 .debug_abbrev  0x0000064b      0x20c /usr/lib/gcc/arm-none-eabi/14.1.0/../../../../arm-none-eabi/lib/thumb/v7e-m/nofp/libc.a(libc_a-__call_atexit.o)

.debug_aranges  0x00000000      0x1b0
 .debug_aranges
                0x00000000       0x20 /usr/lib/gcc/arm-none-eabi/14.1.0/thumb/v7e-m/nofp/libgcc.a(_arm_addsubsf3.o)
 .debug_aranges
                0x00000020       0x20 /usr/lib/gcc/arm-none-eabi/14.1.0/thumb/v7e-m/nofp/libgcc.a(_arm_muldivsf3.o)
 .debug_aranges
                0x00000040       0x20 /usr/lib/gcc/arm-none-eabi/14.1.0/thumb/v7e-m/nofp/libgcc.a(_arm_fixunssfsi.o)
 .debug_aranges
                0x00000060       0x20 /usr/lib/gcc/arm-none-eabi/14.1.0/../../../../arm-none-eabi/lib/thumb/v7e-m/nofp/libc.a(libc_a-atexit.o)
 .debug_aranges
                0x00000080       0x20 /usr/lib/gcc/arm-none-eabi/14.1.0/../../../../arm-none-eabi/lib/thumb/v7e-m/nofp/libc.a(libc_a-memset.o)
 .debug_aranges
                0x000000a0       0x20 /usr/lib/gcc/arm-none-eabi/14.1.0/../../../../arm-none-eabi/lib/thumb/v7e-m/nofp/libc.a(libc_a-init.o)
 .debug_aranges
                0x000000c0       0x20 /usr/lib/gcc/arm-none-eabi/14.1.0/../../../../arm-none-eabi/lib/thumb/v7e-m/nofp/libc.a(libc_a-fini.o)
 .debug_aranges
                0x000000e0       0x68 /usr/lib/gcc/arm-none-eabi/14.1.0/../../../../arm-none-eabi/lib/thumb/v7e-m/nofp/libc.a(libc_a-lock.o)
 .debug_aranges
                0x00000148       0x20 /usr/lib/gcc/arm-none-eabi/14.1.0/../../../../arm-none-eabi/lib/thumb/v7e-m/nofp/libc.a(libc_a-memcpy.o)
 .debug_aranges
                0x00000168       0x20 /usr/lib/gcc/arm-none-eabi/14.1.0/../../../../arm-none-eabi/lib/thumb/v7e-m/nofp/libc.a(libc_a-__atexit.o)
 .debug_aranges
                0x00000188       0x28 /usr/lib/gcc/arm-none-eabi/14.1.0/../../../../arm-none-eabi/lib/thumb/v7e-m/nofp/libc.a(libc_a-__call_atexit.o)

.debug_str      0x00000000      0x89a
 .debug_str     0x00000000      0x89a /usr/lib/gcc/arm-none-eabi/14.1.0/thumb/v7e-m/nofp/libgcc.a(_arm_addsubsf3.o)
                                0x140 (size before relaxing)
 .debug_str     0x0000089a       0xcc /usr/lib/gcc/arm-none-eabi/14.1.0/thumb/v7e-m/nofp/libgcc.a(_arm_muldivsf3.o)
 .debug_str     0x0000089a       0xbb /usr/lib/gcc/arm-none-eabi/14.1.0/thumb/v7e-m/nofp/libgcc.a(_arm_fixunssfsi.o)
 .debug_str     0x0000089a      0x1f8 /usr/lib/gcc/arm-none-eabi/14.1.0/../../../../arm-none-eabi/lib/thumb/v7e-m/nofp/libc.a(libc_a-atexit.o)
 .debug_str     0x0000089a      0x1cf /usr/lib/gcc/arm-none-eabi/14.1.0/../../../../arm-none-eabi/lib/thumb/v7e-m/nofp/libc.a(libc_a-memset.o)
 .debug_str     0x0000089a      0x21c /usr/lib/gcc/arm-none-eabi/14.1.0/../../../../arm-none-eabi/lib/thumb/v7e-m/nofp/libc.a(libc_a-init.o)
 .debug_str     0x0000089a      0x1f2 /usr/lib/gcc/arm-none-eabi/14.1.0/../../../../arm-none-eabi/lib/thumb/v7e-m/nofp/libc.a(libc_a-fini.o)
 .debug_str     0x0000089a      0x352 /usr/lib/gcc/arm-none-eabi/14.1.0/../../../../arm-none-eabi/lib/thumb/v7e-m/nofp/libc.a(libc_a-lock.o)
 .debug_str     0x0000089a       0xb6 /usr/lib/gcc/arm-none-eabi/14.1.0/../../../../arm-none-eabi/lib/thumb/v7e-m/nofp/libc.a(libc_a-memcpy.o)
 .debug_str     0x0000089a      0x2cf /usr/lib/gcc/arm-none-eabi/14.1.0/../../../../arm-none-eabi/lib/thumb/v7e-m/nofp/libc.a(libc_a-__atexit.o)
 .debug_str     0x0000089a      0x2f8 /usr/lib/gcc/arm-none-eabi/14.1.0/../../../../arm-none-eabi/lib/thumb/v7e-m/nofp/libc.a(libc_a-__call_atexit.o)

.debug_frame    0x00000000      0x294
 .debug_frame   0x00000000       0x4c /usr/lib/gcc/arm-none-eabi/14.1.0/thumb/v7e-m/nofp/libgcc.a(_arm_addsubsf3.o)
 .debug_frame   0x0000004c       0x38 /usr/lib/gcc/arm-none-eabi/14.1.0/thumb/v7e-m/nofp/libgcc.a(_arm_muldivsf3.o)
 .debug_frame   0x00000084       0x24 /usr/lib/gcc/arm-none-eabi/14.1.0/thumb/v7e-m/nofp/libgcc.a(_arm_fixunssfsi.o)
 .debug_frame   0x000000a8       0x20 /usr/lib/gcc/arm-none-eabi/14.1.0/../../../../arm-none-eabi/lib/thumb/v7e-m/nofp/libc.a(libc_a-atexit.o)
 .debug_frame   0x000000c8       0x2c /usr/lib/gcc/arm-none-eabi/14.1.0/../../../../arm-none-eabi/lib/thumb/v7e-m/nofp/libc.a(libc_a-memset.o)
 .debug_frame   0x000000f4       0x2c /usr/lib/gcc/arm-none-eabi/14.1.0/../../../../arm-none-eabi/lib/thumb/v7e-m/nofp/libc.a(libc_a-init.o)
 .debug_frame   0x00000120       0x34 /usr/lib/gcc/arm-none-eabi/14.1.0/../../../../arm-none-eabi/lib/thumb/v7e-m/nofp/libc.a(libc_a-fini.o)
 .debug_frame   0x00000154       0xb0 /usr/lib/gcc/arm-none-eabi/14.1.0/../../../../arm-none-eabi/lib/thumb/v7e-m/nofp/libc.a(libc_a-lock.o)
 .debug_frame   0x00000204       0x34 /usr/lib/gcc/arm-none-eabi/14.1.0/../../../../arm-none-eabi/lib/thumb/v7e-m/nofp/libc.a(libc_a-__atexit.o)
 .debug_frame   0x00000238       0x5c /usr/lib/gcc/arm-none-eabi/14.1.0/../../../../arm-none-eabi/lib/thumb/v7e-m/nofp/libc.a(libc_a-__call_atexit.o)

.debug_loclists
                0x00000000      0x45e
 .debug_loclists
                0x00000000       0x30 /usr/lib/gcc/arm-none-eabi/14.1.0/../../../../arm-none-eabi/lib/thumb/v7e-m/nofp/libc.a(libc_a-atexit.o)
 .debug_loclists
                0x00000030      0x1a3 /usr/lib/gcc/arm-none-eabi/14.1.0/../../../../arm-none-eabi/lib/thumb/v7e-m/nofp/libc.a(libc_a-memset.o)
 .debug_loclists
                0x000001d3       0x6f /usr/lib/gcc/arm-none-eabi/14.1.0/../../../../arm-none-eabi/lib/thumb/v7e-m/nofp/libc.a(libc_a-init.o)
 .debug_loclists
                0x00000242       0x4c /usr/lib/gcc/arm-none-eabi/14.1.0/../../../../arm-none-eabi/lib/thumb/v7e-m/nofp/libc.a(libc_a-fini.o)
 .debug_loclists
                0x0000028e       0x29 /usr/lib/gcc/arm-none-eabi/14.1.0/../../../../arm-none-eabi/lib/thumb/v7e-m/nofp/libc.a(libc_a-lock.o)
 .debug_loclists
                0x000002b7       0x8e /usr/lib/gcc/arm-none-eabi/14.1.0/../../../../arm-none-eabi/lib/thumb/v7e-m/nofp/libc.a(libc_a-__atexit.o)
 .debug_loclists
                0x00000345      0x119 /usr/lib/gcc/arm-none-eabi/14.1.0/../../../../arm-none-eabi/lib/thumb/v7e-m/nofp/libc.a(libc_a-__call_atexit.o)

.debug_rnglists
                0x00000000       0xe7
 .debug_rnglists
                0x00000000       0x13 /usr/lib/gcc/arm-none-eabi/14.1.0/../../../../arm-none-eabi/lib/thumb/v7e-m/nofp/libc.a(libc_a-atexit.o)
 .debug_rnglists
                0x00000013       0x14 /usr/lib/gcc/arm-none-eabi/14.1.0/../../../../arm-none-eabi/lib/thumb/v7e-m/nofp/libc.a(libc_a-memset.o)
 .debug_rnglists
                0x00000027       0x13 /usr/lib/gcc/arm-none-eabi/14.1.0/../../../../arm-none-eabi/lib/thumb/v7e-m/nofp/libc.a(libc_a-init.o)
 .debug_rnglists
                0x0000003a       0x13 /usr/lib/gcc/arm-none-eabi/14.1.0/../../../../arm-none-eabi/lib/thumb/v7e-m/nofp/libc.a(libc_a-fini.o)
 .debug_rnglists
                0x0000004d       0x49 /usr/lib/gcc/arm-none-eabi/14.1.0/../../../../arm-none-eabi/lib/thumb/v7e-m/nofp/libc.a(libc_a-lock.o)
 .debug_rnglists
                0x00000096       0x14 /usr/lib/gcc/arm-none-eabi/14.1.0/../../../../arm-none-eabi/lib/thumb/v7e-m/nofp/libc.a(libc_a-__atexit.o)
 .debug_rnglists
                0x000000aa       0x3d /usr/lib/gcc/arm-none-eabi/14.1.0/../../../../arm-none-eabi/lib/thumb/v7e-m/nofp/libc.a(libc_a-__call_atexit.o)
